Archive member included to satisfy reference by file (symbol)

d:/st/eclipse/plugins/fr.ac6.mcu.externaltools.arm-none.win32_1.13.2.201703061525/tools/compiler/bin/../lib/gcc/arm-none-eabi/5.4.1/armv7e-m/fpu\libgcc.a(_arm_addsubdf3.o)
                              Src/main.o (__aeabi_dadd)
d:/st/eclipse/plugins/fr.ac6.mcu.externaltools.arm-none.win32_1.13.2.201703061525/tools/compiler/bin/../lib/gcc/arm-none-eabi/5.4.1/armv7e-m/fpu\libgcc.a(_arm_fixdfsi.o)
                              Src/main.o (__aeabi_d2iz)
d:/st/eclipse/plugins/fr.ac6.mcu.externaltools.arm-none.win32_1.13.2.201703061525/tools/compiler/bin/../lib/gcc/arm-none-eabi/5.4.1/armv7e-m/fpu\libgcc.a(_aeabi_uldivmod.o)
                              Drivers/STM32F4xx_HAL_Driver/Src/stm32f4xx_hal_rcc.o (__aeabi_uldivmod)
d:/st/eclipse/plugins/fr.ac6.mcu.externaltools.arm-none.win32_1.13.2.201703061525/tools/compiler/bin/../lib/gcc/arm-none-eabi/5.4.1/armv7e-m/fpu\libgcc.a(_udivmoddi4.o)
                              d:/st/eclipse/plugins/fr.ac6.mcu.externaltools.arm-none.win32_1.13.2.201703061525/tools/compiler/bin/../lib/gcc/arm-none-eabi/5.4.1/armv7e-m/fpu\libgcc.a(_aeabi_uldivmod.o) (__udivmoddi4)
d:/st/eclipse/plugins/fr.ac6.mcu.externaltools.arm-none.win32_1.13.2.201703061525/tools/compiler/bin/../lib/gcc/arm-none-eabi/5.4.1/armv7e-m/fpu\libgcc.a(_dvmd_tls.o)
                              d:/st/eclipse/plugins/fr.ac6.mcu.externaltools.arm-none.win32_1.13.2.201703061525/tools/compiler/bin/../lib/gcc/arm-none-eabi/5.4.1/armv7e-m/fpu\libgcc.a(_aeabi_uldivmod.o) (__aeabi_ldiv0)
d:/st/eclipse/plugins/fr.ac6.mcu.externaltools.arm-none.win32_1.13.2.201703061525/tools/compiler/bin/../lib/gcc/arm-none-eabi/5.4.1/../../../../arm-none-eabi/lib/armv7e-m/fpu\libc_nano.a(lib_a-atoi.o)
                              Src/main.o (atoi)
d:/st/eclipse/plugins/fr.ac6.mcu.externaltools.arm-none.win32_1.13.2.201703061525/tools/compiler/bin/../lib/gcc/arm-none-eabi/5.4.1/../../../../arm-none-eabi/lib/armv7e-m/fpu\libc_nano.a(lib_a-errno.o)
                              Src/syscalls.o (__errno)
d:/st/eclipse/plugins/fr.ac6.mcu.externaltools.arm-none.win32_1.13.2.201703061525/tools/compiler/bin/../lib/gcc/arm-none-eabi/5.4.1/../../../../arm-none-eabi/lib/armv7e-m/fpu\libc_nano.a(lib_a-exit.o)
                              d:/st/eclipse/plugins/fr.ac6.mcu.externaltools.arm-none.win32_1.13.2.201703061525/tools/compiler/bin/../lib/gcc/arm-none-eabi/5.4.1/../../../../arm-none-eabi/lib/armv7e-m/fpu/crt0.o (exit)
d:/st/eclipse/plugins/fr.ac6.mcu.externaltools.arm-none.win32_1.13.2.201703061525/tools/compiler/bin/../lib/gcc/arm-none-eabi/5.4.1/../../../../arm-none-eabi/lib/armv7e-m/fpu\libc_nano.a(lib_a-impure.o)
                              d:/st/eclipse/plugins/fr.ac6.mcu.externaltools.arm-none.win32_1.13.2.201703061525/tools/compiler/bin/../lib/gcc/arm-none-eabi/5.4.1/../../../../arm-none-eabi/lib/armv7e-m/fpu\libc_nano.a(lib_a-exit.o) (_global_impure_ptr)
d:/st/eclipse/plugins/fr.ac6.mcu.externaltools.arm-none.win32_1.13.2.201703061525/tools/compiler/bin/../lib/gcc/arm-none-eabi/5.4.1/../../../../arm-none-eabi/lib/armv7e-m/fpu\libc_nano.a(lib_a-init.o)
                              d:/st/eclipse/plugins/fr.ac6.mcu.externaltools.arm-none.win32_1.13.2.201703061525/tools/compiler/bin/../lib/gcc/arm-none-eabi/5.4.1/../../../../arm-none-eabi/lib/armv7e-m/fpu/crt0.o (__libc_init_array)
d:/st/eclipse/plugins/fr.ac6.mcu.externaltools.arm-none.win32_1.13.2.201703061525/tools/compiler/bin/../lib/gcc/arm-none-eabi/5.4.1/../../../../arm-none-eabi/lib/armv7e-m/fpu\libc_nano.a(lib_a-memcpy-stub.o)
                              Middlewares/Third_Party/FreeRTOS/Source/queue.o (memcpy)
d:/st/eclipse/plugins/fr.ac6.mcu.externaltools.arm-none.win32_1.13.2.201703061525/tools/compiler/bin/../lib/gcc/arm-none-eabi/5.4.1/../../../../arm-none-eabi/lib/armv7e-m/fpu\libc_nano.a(lib_a-memset.o)
                              d:/st/eclipse/plugins/fr.ac6.mcu.externaltools.arm-none.win32_1.13.2.201703061525/tools/compiler/bin/../lib/gcc/arm-none-eabi/5.4.1/../../../../arm-none-eabi/lib/armv7e-m/fpu/crt0.o (memset)
d:/st/eclipse/plugins/fr.ac6.mcu.externaltools.arm-none.win32_1.13.2.201703061525/tools/compiler/bin/../lib/gcc/arm-none-eabi/5.4.1/../../../../arm-none-eabi/lib/armv7e-m/fpu\libc_nano.a(lib_a-sprintf.o)
                              Src/main.o (sprintf)
d:/st/eclipse/plugins/fr.ac6.mcu.externaltools.arm-none.win32_1.13.2.201703061525/tools/compiler/bin/../lib/gcc/arm-none-eabi/5.4.1/../../../../arm-none-eabi/lib/armv7e-m/fpu\libc_nano.a(lib_a-strtol.o)
                              d:/st/eclipse/plugins/fr.ac6.mcu.externaltools.arm-none.win32_1.13.2.201703061525/tools/compiler/bin/../lib/gcc/arm-none-eabi/5.4.1/../../../../arm-none-eabi/lib/armv7e-m/fpu\libc_nano.a(lib_a-atoi.o) (_strtol_r)
[...]
Memory Configuration

Name             Origin             Length             Attributes
RAM              0x20000000         0x00020000         xrw
FLASH            0x08000000         0x00080000         xr
*default*        0x00000000         0xffffffff

Linker script and memory map

LOAD d:/st/eclipse/plugins/fr.ac6.mcu.externaltools.arm-none.win32_1.13.2.201703061525/tools/compiler/bin/../lib/gcc/arm-none-eabi/5.4.1/armv7e-m/fpu/crti.o
LOAD d:/st/eclipse/plugins/fr.ac6.mcu.externaltools.arm-none.win32_1.13.2.201703061525/tools/compiler/bin/../lib/gcc/arm-none-eabi/5.4.1/armv7e-m/fpu/crtbegin.o
LOAD d:/st/eclipse/plugins/fr.ac6.mcu.externaltools.arm-none.win32_1.13.2.201703061525/tools/compiler/bin/../lib/gcc/arm-none-eabi/5.4.1/../../../../arm-none-eabi/lib/armv7e-m/fpu/crt0.o
LOAD d:/st/eclipse/plugins/fr.ac6.mcu.externaltools.arm-none.win32_1.13.2.201703061525/tools/compiler/bin/../lib/gcc/arm-none-eabi/5.4.1/../../../../arm-none-eabi/lib/armv7e-m/fpu\libm.a
LOAD Drivers/STM32F4xx_HAL_Driver/Src/stm32f4xx_hal.o
LOAD Drivers/STM32F4xx_HAL_Driver/Src/stm32f4xx_hal_adc.o
LOAD Drivers/STM32F4xx_HAL_Driver/Src/stm32f4xx_hal_adc_ex.o
LOAD Drivers/STM32F4xx_HAL_Driver/Src/stm32f4xx_hal_cortex.o
LOAD Drivers/STM32F4xx_HAL_Driver/Src/stm32f4xx_hal_dma.o
LOAD Drivers/STM32F4xx_HAL_Driver/Src/stm32f4xx_hal_dma_ex.o
LOAD Drivers/STM32F4xx_HAL_Driver/Src/stm32f4xx_hal_flash.o
LOAD Drivers/STM32F4xx_HAL_Driver/Src/stm32f4xx_hal_flash_ex.o
LOAD Drivers/STM32F4xx_HAL_Driver/Src/stm32f4xx_hal_flash_ramfunc.o
LOAD Drivers/STM32F4xx_HAL_Driver/Src/stm32f4xx_hal_gpio.o
LOAD Drivers/STM32F4xx_HAL_Driver/Src/stm32f4xx_hal_pwr.o
LOAD Drivers/STM32F4xx_HAL_Driver/Src/stm32f4xx_hal_pwr_ex.o
LOAD Drivers/STM32F4xx_HAL_Driver/Src/stm32f4xx_hal_rcc.o
LOAD Drivers/STM32F4xx_HAL_Driver/Src/stm32f4xx_hal_rcc_ex.o
LOAD Drivers/STM32F4xx_HAL_Driver/Src/stm32f4xx_hal_tim.o
LOAD Drivers/STM32F4xx_HAL_Driver/Src/stm32f4xx_hal_tim_ex.o
LOAD Drivers/STM32F4xx_HAL_Driver/Src/stm32f4xx_hal_uart.o
LOAD Middlewares/Third_Party/FreeRTOS/Source/CMSIS_RTOS/cmsis_os.o
LOAD Middlewares/Third_Party/FreeRTOS/Source/croutine.o
LOAD Middlewares/Third_Party/FreeRTOS/Source/event_groups.o
LOAD Middlewares/Third_Party/FreeRTOS/Source/list.o
LOAD Middlewares/Third_Party/FreeRTOS/Source/queue.o
LOAD Middlewares/Third_Party/FreeRTOS/Source/tasks.o
LOAD Middlewares/Third_Party/FreeRTOS/Source/timers.o
LOAD Middlewares/Third_Party/FreeRTOS/Source/portable/GCC/ARM_CM4F/port.o
LOAD Middlewares/Third_Party/FreeRTOS/Source/portable/MemMang/heap_4.o
LOAD Src/freertos.o
LOAD Src/main.o
LOAD Src/stm32f4xx_hal_msp.o
LOAD Src/stm32f4xx_hal_timebase_TIM.o
LOAD Src/stm32f4xx_it.o
LOAD Src/syscalls.o
LOAD Src/system_stm32f4xx.o
LOAD startup/startup_stm32f411xe.o
START GROUP
LOAD d:/st/eclipse/plugins/fr.ac6.mcu.externaltools.arm-none.win32_1.13.2.201703061525/tools/compiler/bin/../lib/gcc/arm-none-eabi/5.4.1/armv7e-m/fpu\libgcc.a
LOAD d:/st/eclipse/plugins/fr.ac6.mcu.externaltools.arm-none.win32_1.13.2.201703061525/tools/compiler/bin/../lib/gcc/arm-none-eabi/5.4.1/../../../../arm-none-eabi/lib/armv7e-m/fpu\libc_nano.a
END GROUP
START GROUP
LOAD d:/st/eclipse/plugins/fr.ac6.mcu.externaltools.arm-none.win32_1.13.2.201703061525/tools/compiler/bin/../lib/gcc/arm-none-eabi/5.4.1/armv7e-m/fpu\libgcc.a
LOAD d:/st/eclipse/plugins/fr.ac6.mcu.externaltools.arm-none.win32_1.13.2.201703061525/tools/compiler/bin/../lib/gcc/arm-none-eabi/5.4.1/../../../../arm-none-eabi/lib/armv7e-m/fpu\libc_nano.a
LOAD d:/st/eclipse/plugins/fr.ac6.mcu.externaltools.arm-none.win32_1.13.2.201703061525/tools/compiler/bin/../lib/gcc/arm-none-eabi/5.4.1/../../../../arm-none-eabi/lib/armv7e-m/fpu\libnosys.a
END GROUP
START GROUP
LOAD d:/st/eclipse/plugins/fr.ac6.mcu.externaltools.arm-none.win32_1.13.2.201703061525/tools/compiler/bin/../lib/gcc/arm-none-eabi/5.4.1/armv7e-m/fpu\libgcc.a
LOAD d:/st/eclipse/plugins/fr.ac6.mcu.externaltools.arm-none.win32_1.13.2.201703061525/tools/compiler/bin/../lib/gcc/arm-none-eabi/5.4.1/../../../../arm-none-eabi/lib/armv7e-m/fpu\libc_nano.a
LOAD d:/st/eclipse/plugins/fr.ac6.mcu.externaltools.arm-none.win32_1.13.2.201703061525/tools/compiler/bin/../lib/gcc/arm-none-eabi/5.4.1/../../../../arm-none-eabi/lib/armv7e-m/fpu\libnosys.a
END GROUP
LOAD d:/st/eclipse/plugins/fr.ac6.mcu.externaltools.arm-none.win32_1.13.2.201703061525/tools/compiler/bin/../lib/gcc/arm-none-eabi/5.4.1/armv7e-m/fpu/crtend.o
LOAD d:/st/eclipse/plugins/fr.ac6.mcu.externaltools.arm-none.win32_1.13.2.201703061525/tools/compiler/bin/../lib/gcc/arm-none-eabi/5.4.1/armv7e-m/fpu/crtn.o
                0x20020000                _estack = 0x20020000
                0x00000200                _Min_Heap_Size = 0x200
                0x00000400                _Min_Stack_Size = 0x400

.isr_vector     0x08000000      0x198
                0x08000000                . = ALIGN (0x4)
 *(.isr_vector)
 .isr_vector    0x08000000      0x198 startup/startup_stm32f411xe.o
                0x08000000                g_pfnVectors
                0x08000198                . = ALIGN (0x4)

.text           0x080001a0     0x6bd8
                0x080001a0                . = ALIGN (0x4)
 *(.text)
 .text          0x080001a0       0x5c d:/st/eclipse/plugins/fr.ac6.mcu.externaltools.arm-none.win32_1.13.2.201703061525/tools/compiler/bin/../lib/gcc/arm-none-eabi/5.4.1/armv7e-m/fpu/crtbegin.o
 .text          0x080001fc      0x370 d:/st/eclipse/plugins/fr.ac6.mcu.externaltools.arm-none.win32_1.13.2.201703061525/tools/compiler/bin/../lib/gcc/arm-none-eabi/5.4.1/armv7e-m/fpu\libgcc.a(_arm_addsubdf3.o)
                0x080001fc                __aeabi_drsub
                0x08000204                __aeabi_dsub
                0x08000204                __subdf3
                0x08000208                __aeabi_dadd
                0x08000208                __adddf3
                0x08000480                __floatunsidf
                0x08000480                __aeabi_ui2d
                0x080004a0                __floatsidf
                0x080004a0                __aeabi_i2d
                0x080004c4                __aeabi_f2d
                0x080004c4                __extendsfdf2
                0x08000500                __floatundidf
                0x08000500                __aeabi_ul2d
                0x08000510                __floatdidf
                0x08000510                __aeabi_l2d
 .text          0x0800056c       0x50 d:/st/eclipse/plugins/fr.ac6.mcu.externaltools.arm-none.win32_1.13.2.201703061525/tools/compiler/bin/../lib/gcc/arm-none-eabi/5.4.1/armv7e-m/fpu\libgcc.a(_arm_fixdfsi.o)
                0x0800056c                __aeabi_d2iz
                0x0800056c                __fixdfsi
 .text          0x080005bc       0x30 d:/st/eclipse/plugins/fr.ac6.mcu.externaltools.arm-none.win32_1.13.2.201703061525/tools/compiler/bin/../lib/gcc/arm-none-eabi/5.4.1/armv7e-m/fpu\libgcc.a(_aeabi_uldivmod.o)
                0x080005bc                __aeabi_uldivmod
 .text          0x080005ec      0x2e4 d:/st/eclipse/plugins/fr.ac6.mcu.externaltools.arm-none.win32_1.13.2.201703061525/tools/compiler/bin/../lib/gcc/arm-none-eabi/5.4.1/armv7e-m/fpu\libgcc.a(_udivmoddi4.o)
                0x080005ec                __udivmoddi4
 .text          0x080008d0        0x4 d:/st/eclipse/plugins/fr.ac6.mcu.externaltools.arm-none.win32_1.13.2.201703061525/tools/compiler/bin/../lib/gcc/arm-none-eabi/5.4.1/armv7e-m/fpu\libgcc.a(_dvmd_tls.o)
                0x080008d0                __aeabi_idiv0
                0x080008d0                __aeabi_ldiv0
 *fill*         0x080008d4        0xc 
 .text          0x080008e0       0xa0 d:/st/eclipse/plugins/fr.ac6.mcu.externaltools.arm-none.win32_1.13.2.201703061525/tools/compiler/bin/../lib/gcc/arm-none-eabi/5.4.1/../../../../arm-none-eabi/lib/armv7e-m/fpu\libc_nano.a(lib_a-memchr.o)
                0x080008e0                memchr
 .text          0x08000980      0x424 d:/st/eclipse/plugins/fr.ac6.mcu.externaltools.arm-none.win32_1.13.2.201703061525/tools/compiler/bin/../lib/gcc/arm-none-eabi/5.4.1/armv7e-m/fpu\libgcc.a(_arm_muldivdf3.o)
                0x08000980                __aeabi_dmul
                0x08000980                __muldf3
                0x08000bd4                __divdf3
                0x08000bd4                __aeabi_ddiv
 .text          0x08000da4      0x110 d:/st/eclipse/plugins/fr.ac6.mcu.externaltools.arm-none.win32_1.13.2.201703061525/tools/compiler/bin/../lib/gcc/arm-none-eabi/5.4.1/armv7e-m/fpu\libgcc.a(_arm_cmpdf2.o)
                0x08000da4                __gtdf2
                0x08000da4                __gedf2
                0x08000dac                __ltdf2
                0x08000dac                __ledf2
                0x08000db4                __nedf2
                0x08000db4                __eqdf2
                0x08000db4                __cmpdf2
                0x08000e30                __aeabi_cdrcmple
                0x08000e40                __aeabi_cdcmpeq
                0x08000e40                __aeabi_cdcmple
                0x08000e50                __aeabi_dcmpeq
                0x08000e64                __aeabi_dcmplt
                0x08000e78                __aeabi_dcmple
                0x08000e8c                __aeabi_dcmpge
                0x08000ea0                __aeabi_dcmpgt
 .text          0x08000eb4       0x2c d:/st/eclipse/plugins/fr.ac6.mcu.externaltools.arm-none.win32_1.13.2.201703061525/tools/compiler/bin/../lib/gcc/arm-none-eabi/5.4.1/armv7e-m/fpu\libgcc.a(_arm_unorddf2.o)
                0x08000eb4                __unorddf2
                0x08000eb4                __aeabi_dcmpun
 *(.text*)
 .text.HAL_Init
                0x08000ee0       0x34 Drivers/STM32F4xx_HAL_Driver/Src/stm32f4xx_hal.o
                0x08000ee0                HAL_Init
 .text.HAL_IncTick
                0x08000f14       0x18 Drivers/STM32F4xx_HAL_Driver/Src/stm32f4xx_hal.o
                0x08000f14                HAL_IncTick
 .text.HAL_GetTick
                0x08000f2c        0xc Drivers/STM32F4xx_HAL_Driver/Src/stm32f4xx_hal.o
                0x08000f2c                HAL_GetTick
 .text.ADC_Init
                0x08000f38      0x12c Drivers/STM32F4xx_HAL_Driver/Src/stm32f4xx_hal_adc.o
 .text.HAL_ADC_Init
                0x08001064       0x54 Drivers/STM32F4xx_HAL_Driver/Src/stm32f4xx_hal_adc.o
                0x08001064                HAL_ADC_Init
 .text.HAL_ADC_Start_DMA
                0x080010b8      0x140 Drivers/STM32F4xx_HAL_Driver/Src/stm32f4xx_hal_adc.o
                0x080010b8                HAL_ADC_Start_DMA
 .text.ADC_DMAConvCplt
                0x080011f8       0x64 Drivers/STM32F4xx_HAL_Driver/Src/stm32f4xx_hal_adc.o
 .text.HAL_ADC_ConvHalfCpltCallback
                0x0800125c        0x4 Drivers/STM32F4xx_HAL_Driver/Src/stm32f4xx_hal_adc.o
                0x0800125c                HAL_ADC_ConvHalfCpltCallback
 .text.ADC_DMAHalfConvCplt
                0x08001260        0xc Drivers/STM32F4xx_HAL_Driver/Src/stm32f4xx_hal_adc.o
 .text.HAL_ADC_LevelOutOfWindowCallback
                0x0800126c        0x4 Drivers/STM32F4xx_HAL_Driver/Src/stm32f4xx_hal_adc.o
                0x0800126c                HAL_ADC_LevelOutOfWindowCallback
 .text.HAL_ADC_ErrorCallback
                0x08001270        0x4 Drivers/STM32F4xx_HAL_Driver/Src/stm32f4xx_hal_adc.o
                0x08001270                HAL_ADC_ErrorCallback
 .text.HAL_ADC_IRQHandler
                0x08001274      0x14c Drivers/STM32F4xx_HAL_Driver/Src/stm32f4xx_hal_adc.o
                0x08001274                HAL_ADC_IRQHandler
 .text.ADC_DMAError
                0x080013c0       0x18 Drivers/STM32F4xx_HAL_Driver/Src/stm32f4xx_hal_adc.o
 .text.HAL_ADC_ConfigChannel
                0x080013d8      0x190 Drivers/STM32F4xx_HAL_Driver/Src/stm32f4xx_hal_adc.o
                0x080013d8                HAL_ADC_ConfigChannel
 .text.HAL_ADCEx_InjectedConvCpltCallback
                0x08001568        0x4 Drivers/STM32F4xx_HAL_Driver/Src/stm32f4xx_hal_adc_ex.o
                0x08001568                HAL_ADCEx_InjectedConvCpltCallback
 .text.HAL_NVIC_SetPriorityGrouping
                0x0800156c       0x24 Drivers/STM32F4xx_HAL_Driver/Src/stm32f4xx_hal_cortex.o
                0x0800156c                HAL_NVIC_SetPriorityGrouping
 .text.HAL_NVIC_SetPriority
                0x08001590       0x64 Drivers/STM32F4xx_HAL_Driver/Src/stm32f4xx_hal_cortex.o
                0x08001590                HAL_NVIC_SetPriority
 .text.HAL_NVIC_EnableIRQ
                0x080015f4       0x18 Drivers/STM32F4xx_HAL_Driver/Src/stm32f4xx_hal_cortex.o
                0x080015f4                HAL_NVIC_EnableIRQ
 .text.HAL_SYSTICK_Config
                0x0800160c       0x2c Drivers/STM32F4xx_HAL_Driver/Src/stm32f4xx_hal_cortex.o
                0x0800160c                HAL_SYSTICK_Config
 .text.HAL_SYSTICK_CLKSourceConfig
                0x08001638       0x20 Drivers/STM32F4xx_HAL_Driver/Src/stm32f4xx_hal_cortex.o
                0x08001638                HAL_SYSTICK_CLKSourceConfig
 .text.DMA_SetConfig
                0x08001658       0x2c Drivers/STM32F4xx_HAL_Driver/Src/stm32f4xx_hal_dma.o
 .text.DMA_CalcBaseAndBitshift
                0x08001684       0x3c Drivers/STM32F4xx_HAL_Driver/Src/stm32f4xx_hal_dma.o
 .text.DMA_CheckFifoParam
                0x080016c0       0x90 Drivers/STM32F4xx_HAL_Driver/Src/stm32f4xx_hal_dma.o
 .text.HAL_DMA_Init
                0x08001750       0xd0 Drivers/STM32F4xx_HAL_Driver/Src/stm32f4xx_hal_dma.o
                0x08001750                HAL_DMA_Init
 .text.HAL_DMA_Start_IT
                0x08001820       0x74 Drivers/STM32F4xx_HAL_Driver/Src/stm32f4xx_hal_dma.o
                0x08001820                HAL_DMA_Start_IT
 .text.HAL_DMA_Abort_IT
                0x08001894       0x28 Drivers/STM32F4xx_HAL_Driver/Src/stm32f4xx_hal_dma.o
                0x08001894                HAL_DMA_Abort_IT
 .text.HAL_DMA_IRQHandler
                0x080018bc      0x1d8 Drivers/STM32F4xx_HAL_Driver/Src/stm32f4xx_hal_dma.o
                0x080018bc                HAL_DMA_IRQHandler
 .text.HAL_GPIO_Init
                0x08001a94      0x19c Drivers/STM32F4xx_HAL_Driver/Src/stm32f4xx_hal_gpio.o
                0x08001a94                HAL_GPIO_Init
 .text.HAL_GPIO_ReadPin
                0x08001c30       0x10 Drivers/STM32F4xx_HAL_Driver/Src/stm32f4xx_hal_gpio.o
                0x08001c30                HAL_GPIO_ReadPin
 .text.HAL_GPIO_WritePin
                0x08001c40        0xc Drivers/STM32F4xx_HAL_Driver/Src/stm32f4xx_hal_gpio.o
                0x08001c40                HAL_GPIO_WritePin
 .text.HAL_RCC_OscConfig
                0x08001c4c      0x3c0 Drivers/STM32F4xx_HAL_Driver/Src/stm32f4xx_hal_rcc.o
                0x08001c4c                HAL_RCC_OscConfig
 .text.HAL_RCC_GetSysClockFreq
                0x0800200c       0xa0 Drivers/STM32F4xx_HAL_Driver/Src/stm32f4xx_hal_rcc.o
                0x0800200c                HAL_RCC_GetSysClockFreq
 .text.HAL_RCC_ClockConfig
                0x080020ac      0x160 Drivers/STM32F4xx_HAL_Driver/Src/stm32f4xx_hal_rcc.o
                0x080020ac                HAL_RCC_ClockConfig
 .text.HAL_RCC_GetHCLKFreq
                0x0800220c        0xc Drivers/STM32F4xx_HAL_Driver/Src/stm32f4xx_hal_rcc.o
                0x0800220c                HAL_RCC_GetHCLKFreq
 .text.HAL_RCC_GetPCLK1Freq
                0x08002218       0x20 Drivers/STM32F4xx_HAL_Driver/Src/stm32f4xx_hal_rcc.o
                0x08002218                HAL_RCC_GetPCLK1Freq
 .text.HAL_RCC_GetPCLK2Freq
                0x08002238       0x20 Drivers/STM32F4xx_HAL_Driver/Src/stm32f4xx_hal_rcc.o
                0x08002238                HAL_RCC_GetPCLK2Freq
 .text.HAL_RCC_GetClockConfig
                0x08002258       0x3c Drivers/STM32F4xx_HAL_Driver/Src/stm32f4xx_hal_rcc.o
                0x08002258                HAL_RCC_GetClockConfig
 .text.TIM_OC1_SetConfig
                0x08002294       0x54 Drivers/STM32F4xx_HAL_Driver/Src/stm32f4xx_hal_tim.o
 .text.TIM_OC3_SetConfig
                0x080022e8       0x58 Drivers/STM32F4xx_HAL_Driver/Src/stm32f4xx_hal_tim.o
 .text.TIM_OC4_SetConfig
                0x08002340       0x48 Drivers/STM32F4xx_HAL_Driver/Src/stm32f4xx_hal_tim.o
 .text.TIM_TI1_ConfigInputStage
                0x08002388       0x28 Drivers/STM32F4xx_HAL_Driver/Src/stm32f4xx_hal_tim.o
 .text.TIM_TI2_ConfigInputStage
                0x080023b0       0x28 Drivers/STM32F4xx_HAL_Driver/Src/stm32f4xx_hal_tim.o
 .text.TIM_ITRx_SetConfig
                0x080023d8       0x10 Drivers/STM32F4xx_HAL_Driver/Src/stm32f4xx_hal_tim.o
 .text.TIM_ETR_SetConfig
                0x080023e8       0x1c Drivers/STM32F4xx_HAL_Driver/Src/stm32f4xx_hal_tim.o
 .text.TIM_SlaveTimer_SetConfig
                0x08002404       0x78 Drivers/STM32F4xx_HAL_Driver/Src/stm32f4xx_hal_tim.o
 .text.HAL_TIM_Base_Start
                0x0800247c       0x1c Drivers/STM32F4xx_HAL_Driver/Src/stm32f4xx_hal_tim.o
                0x0800247c                HAL_TIM_Base_Start
 .text.HAL_TIM_Base_Start_IT
                0x08002498       0x18 Drivers/STM32F4xx_HAL_Driver/Src/stm32f4xx_hal_tim.o
                0x08002498                HAL_TIM_Base_Start_IT
 .text.HAL_TIM_PWM_MspInit
                0x080024b0        0x4 Drivers/STM32F4xx_HAL_Driver/Src/stm32f4xx_hal_tim.o
                0x080024b0                HAL_TIM_PWM_MspInit
 .text.HAL_TIM_OnePulse_MspInit
                0x080024b4        0x4 Drivers/STM32F4xx_HAL_Driver/Src/stm32f4xx_hal_tim.o
                0x080024b4                HAL_TIM_OnePulse_MspInit
 .text.HAL_TIM_ConfigClockSource
                0x080024b8      0x114 Drivers/STM32F4xx_HAL_Driver/Src/stm32f4xx_hal_tim.o
                0x080024b8                HAL_TIM_ConfigClockSource
 .text.HAL_TIM_SlaveConfigSynchronization
                0x080025cc       0x40 Drivers/STM32F4xx_HAL_Driver/Src/stm32f4xx_hal_tim.o
                0x080025cc                HAL_TIM_SlaveConfigSynchronization
 .text.HAL_TIM_OC_DelayElapsedCallback
                0x0800260c        0x4 Drivers/STM32F4xx_HAL_Driver/Src/stm32f4xx_hal_tim.o
                0x0800260c                HAL_TIM_OC_DelayElapsedCallback
 .text.HAL_TIM_IC_CaptureCallback
                0x08002610        0x4 Drivers/STM32F4xx_HAL_Driver/Src/stm32f4xx_hal_tim.o
                0x08002610                HAL_TIM_IC_CaptureCallback
 .text.HAL_TIM_PWM_PulseFinishedCallback
                0x08002614        0x4 Drivers/STM32F4xx_HAL_Driver/Src/stm32f4xx_hal_tim.o
                0x08002614                HAL_TIM_PWM_PulseFinishedCallback
 .text.HAL_TIM_TriggerCallback
                0x08002618        0x4 Drivers/STM32F4xx_HAL_Driver/Src/stm32f4xx_hal_tim.o
                0x08002618                HAL_TIM_TriggerCallback
 .text.HAL_TIM_IRQHandler
                0x0800261c      0x174 Drivers/STM32F4xx_HAL_Driver/Src/stm32f4xx_hal_tim.o
                0x0800261c                HAL_TIM_IRQHandler
 .text.TIM_Base_SetConfig
                0x08002790       0xcc Drivers/STM32F4xx_HAL_Driver/Src/stm32f4xx_hal_tim.o
                0x08002790                TIM_Base_SetConfig
 .text.HAL_TIM_Base_Init
                0x0800285c       0x38 Drivers/STM32F4xx_HAL_Driver/Src/stm32f4xx_hal_tim.o
                0x0800285c                HAL_TIM_Base_Init
 .text.HAL_TIM_PWM_Init
                0x08002894       0x38 Drivers/STM32F4xx_HAL_Driver/Src/stm32f4xx_hal_tim.o
                0x08002894                HAL_TIM_PWM_Init
 .text.HAL_TIM_OnePulse_Init
                0x080028cc       0x4c Drivers/STM32F4xx_HAL_Driver/Src/stm32f4xx_hal_tim.o
                0x080028cc                HAL_TIM_OnePulse_Init
 .text.TIM_OC2_SetConfig
                0x08002918       0x5c Drivers/STM32F4xx_HAL_Driver/Src/stm32f4xx_hal_tim.o
                0x08002918                TIM_OC2_SetConfig
 .text.HAL_TIM_PWM_ConfigChannel
                0x08002974       0xdc Drivers/STM32F4xx_HAL_Driver/Src/stm32f4xx_hal_tim.o
                0x08002974                HAL_TIM_PWM_ConfigChannel
 .text.TIM_CCxChannelCmd
                0x08002a50       0x20 Drivers/STM32F4xx_HAL_Driver/Src/stm32f4xx_hal_tim.o
                0x08002a50                TIM_CCxChannelCmd
 .text.HAL_TIM_PWM_Start
                0x08002a70       0x30 Drivers/STM32F4xx_HAL_Driver/Src/stm32f4xx_hal_tim.o
                0x08002a70                HAL_TIM_PWM_Start
 .text.HAL_TIMEx_MasterConfigSynchronization
                0x08002aa0       0x54 Drivers/STM32F4xx_HAL_Driver/Src/stm32f4xx_hal_tim_ex.o
                0x08002aa0                HAL_TIMEx_MasterConfigSynchronization
 .text.HAL_TIMEx_CommutationCallback
                0x08002af4        0x4 Drivers/STM32F4xx_HAL_Driver/Src/stm32f4xx_hal_tim_ex.o
                0x08002af4                HAL_TIMEx_CommutationCallback
 .text.HAL_TIMEx_BreakCallback
                0x08002af8        0x4 Drivers/STM32F4xx_HAL_Driver/Src/stm32f4xx_hal_tim_ex.o
                0x08002af8                HAL_TIMEx_BreakCallback
 .text.UART_EndRxTransfer
                0x08002afc       0x1c Drivers/STM32F4xx_HAL_Driver/Src/stm32f4xx_hal_uart.o
 .text.UART_Transmit_IT
                0x08002b18       0x6c Drivers/STM32F4xx_HAL_Driver/Src/stm32f4xx_hal_uart.o
 .text.UART_SetConfig
                0x08002b84      0x32c Drivers/STM32F4xx_HAL_Driver/Src/stm32f4xx_hal_uart.o
 .text.UART_WaitOnFlagUntilTimeout
                0x08002eb0       0x68 Drivers/STM32F4xx_HAL_Driver/Src/stm32f4xx_hal_uart.o
 .text.HAL_UART_Init
                0x08002f18       0x64 Drivers/STM32F4xx_HAL_Driver/Src/stm32f4xx_hal_uart.o
                0x08002f18                HAL_UART_Init
 .text.HAL_UART_Transmit
                0x08002f7c       0xe4 Drivers/STM32F4xx_HAL_Driver/Src/stm32f4xx_hal_uart.o
                0x08002f7c                HAL_UART_Transmit
 .text.HAL_UART_Receive
                0x08003060       0xe8 Drivers/STM32F4xx_HAL_Driver/Src/stm32f4xx_hal_uart.o
                0x08003060                HAL_UART_Receive
 .text.HAL_UART_TxCpltCallback
                0x08003148        0x4 Drivers/STM32F4xx_HAL_Driver/Src/stm32f4xx_hal_uart.o
                0x08003148                HAL_UART_TxCpltCallback
 .text.UART_EndTransmit_IT
                0x0800314c       0x1c Drivers/STM32F4xx_HAL_Driver/Src/stm32f4xx_hal_uart.o
 .text.HAL_UART_RxCpltCallback
                0x08003168        0x4 Drivers/STM32F4xx_HAL_Driver/Src/stm32f4xx_hal_uart.o
                0x08003168                HAL_UART_RxCpltCallback
 .text.UART_Receive_IT
                0x0800316c       0x94 Drivers/STM32F4xx_HAL_Driver/Src/stm32f4xx_hal_uart.o
 .text.HAL_UART_ErrorCallback
                0x08003200        0x4 Drivers/STM32F4xx_HAL_Driver/Src/stm32f4xx_hal_uart.o
                0x08003200                HAL_UART_ErrorCallback
 .text.HAL_UART_IRQHandler
                0x08003204      0x11c Drivers/STM32F4xx_HAL_Driver/Src/stm32f4xx_hal_uart.o
                0x08003204                HAL_UART_IRQHandler
 .text.UART_DMAAbortOnError
                0x08003320       0x10 Drivers/STM32F4xx_HAL_Driver/Src/stm32f4xx_hal_uart.o
 .text.makeFreeRtosPriority
                0x08003330        0xc Middlewares/Third_Party/FreeRTOS/Source/CMSIS_RTOS/cmsis_os.o
 .text.osKernelStart
                0x0800333c        0xc Middlewares/Third_Party/FreeRTOS/Source/CMSIS_RTOS/cmsis_os.o
                0x0800333c                osKernelStart
 .text.osThreadCreate
                0x08003348       0x34 Middlewares/Third_Party/FreeRTOS/Source/CMSIS_RTOS/cmsis_os.o
                0x08003348                osThreadCreate
 .text.osDelay  0x0800337c       0x10 Middlewares/Third_Party/FreeRTOS/Source/CMSIS_RTOS/cmsis_os.o
                0x0800337c                osDelay
 .text.osSystickHandler
                0x0800338c       0x10 Middlewares/Third_Party/FreeRTOS/Source/CMSIS_RTOS/cmsis_os.o
                0x0800338c                osSystickHandler
 .text.vListInitialise
                0x0800339c       0x18 Middlewares/Third_Party/FreeRTOS/Source/list.o
                0x0800339c                vListInitialise
 .text.vListInitialiseItem
                0x080033b4        0x8 Middlewares/Third_Party/FreeRTOS/Source/list.o
                0x080033b4                vListInitialiseItem
 .text.vListInsertEnd
                0x080033bc       0x18 Middlewares/Third_Party/FreeRTOS/Source/list.o
                0x080033bc                vListInsertEnd
 .text.vListInsert
                0x080033d4       0x34 Middlewares/Third_Party/FreeRTOS/Source/list.o
                0x080033d4                vListInsert
 .text.uxListRemove
                0x08003408       0x24 Middlewares/Third_Party/FreeRTOS/Source/list.o
                0x08003408                uxListRemove
 .text.prvResetNextTaskUnblockTime
                0x0800342c       0x2c Middlewares/Third_Party/FreeRTOS/Source/tasks.o
 .text.prvDeleteTCB
                0x08003458       0x14 Middlewares/Third_Party/FreeRTOS/Source/tasks.o
 .text.prvInitialiseNewTask
                0x0800346c       0x80 Middlewares/Third_Party/FreeRTOS/Source/tasks.o
 .text.prvInitialiseTaskLists
                0x080034ec       0x58 Middlewares/Third_Party/FreeRTOS/Source/tasks.o
 .text.prvAddNewTaskToReadyList
                0x08003544       0xac Middlewares/Third_Party/FreeRTOS/Source/tasks.o
 .text.prvAddCurrentTaskToDelayedList
                0x080035f0       0x84 Middlewares/Third_Party/FreeRTOS/Source/tasks.o
 .text.xTaskCreate
                0x08003674       0x64 Middlewares/Third_Party/FreeRTOS/Source/tasks.o
                0x08003674                xTaskCreate
 .text.vTaskStartScheduler
                0x080036d8       0x74 Middlewares/Third_Party/FreeRTOS/Source/tasks.o
                0x080036d8                vTaskStartScheduler
 .text.vTaskSuspendAll
                0x0800374c       0x14 Middlewares/Third_Party/FreeRTOS/Source/tasks.o
                0x0800374c                vTaskSuspendAll
 .text.xTaskIncrementTick
                0x08003760      0x118 Middlewares/Third_Party/FreeRTOS/Source/tasks.o
                0x08003760                xTaskIncrementTick
 .text.xTaskResumeAll
                0x08003878       0xf4 Middlewares/Third_Party/FreeRTOS/Source/tasks.o
                0x08003878                xTaskResumeAll
 .text.vTaskDelay
                0x0800396c       0x50 Middlewares/Third_Party/FreeRTOS/Source/tasks.o
                0x0800396c                vTaskDelay
 .text.prvCheckTasksWaitingTermination
                0x080039bc       0x54 Middlewares/Third_Party/FreeRTOS/Source/tasks.o
 .text.prvIdleTask
                0x08003a10       0x28 Middlewares/Third_Party/FreeRTOS/Source/tasks.o
 .text.vTaskSwitchContext
                0x08003a38       0x90 Middlewares/Third_Party/FreeRTOS/Source/tasks.o
                0x08003a38                vTaskSwitchContext
 .text.vTaskSuspend
                0x08003ac8       0xcc Middlewares/Third_Party/FreeRTOS/Source/tasks.o
                0x08003ac8                vTaskSuspend
 .text.xTaskGetSchedulerState
                0x08003b94       0x20 Middlewares/Third_Party/FreeRTOS/Source/tasks.o
                0x08003b94                xTaskGetSchedulerState
 .text.prvTaskExitError
                0x08003bb4       0x34 Middlewares/Third_Party/FreeRTOS/Source/portable/GCC/ARM_CM4F/port.o
 .text.prvPortStartFirstTask
                0x08003be8       0x20 Middlewares/Third_Party/FreeRTOS/Source/portable/GCC/ARM_CM4F/port.o
 .text.vPortEnableVFP
                0x08003c08       0x14 Middlewares/Third_Party/FreeRTOS/Source/portable/GCC/ARM_CM4F/port.o
 .text.pxPortInitialiseStack
                0x08003c1c       0x2c Middlewares/Third_Party/FreeRTOS/Source/portable/GCC/ARM_CM4F/port.o
                0x08003c1c                pxPortInitialiseStack
 *fill*         0x08003c48        0x8 
 .text.SVC_Handler
                0x08003c50       0x24 Middlewares/Third_Party/FreeRTOS/Source/portable/GCC/ARM_CM4F/port.o
                0x08003c50                SVC_Handler
 .text.vPortEnterCritical
                0x08003c74       0x44 Middlewares/Third_Party/FreeRTOS/Source/portable/GCC/ARM_CM4F/port.o
                0x08003c74                vPortEnterCritical
 .text.vPortExitCritical
                0x08003cb8       0x2c Middlewares/Third_Party/FreeRTOS/Source/portable/GCC/ARM_CM4F/port.o
                0x08003cb8                vPortExitCritical
 *fill*         0x08003ce4        0xc 
 .text.PendSV_Handler
                0x08003cf0       0x64 Middlewares/Third_Party/FreeRTOS/Source/portable/GCC/ARM_CM4F/port.o
                0x08003cf0                PendSV_Handler
 .text.xPortSysTickHandler
                0x08003d54       0x2c Middlewares/Third_Party/FreeRTOS/Source/portable/GCC/ARM_CM4F/port.o
                0x08003d54                xPortSysTickHandler
 .text.vPortSetupTimerInterrupt
                0x08003d80       0x2c Middlewares/Third_Party/FreeRTOS/Source/portable/GCC/ARM_CM4F/port.o
                0x08003d80                vPortSetupTimerInterrupt
 .text.xPortStartScheduler
                0x08003dac       0xe8 Middlewares/Third_Party/FreeRTOS/Source/portable/GCC/ARM_CM4F/port.o
                0x08003dac                xPortStartScheduler
 .text.prvHeapInit
                0x08003e94       0x58 Middlewares/Third_Party/FreeRTOS/Source/portable/MemMang/heap_4.o
 .text.prvInsertBlockIntoFreeList
                0x08003eec       0x58 Middlewares/Third_Party/FreeRTOS/Source/portable/MemMang/heap_4.o
 .text.pvPortMalloc
                0x08003f44      0x10c Middlewares/Third_Party/FreeRTOS/Source/portable/MemMang/heap_4.o
                0x08003f44                pvPortMalloc
 .text.vPortFree
                0x08004050       0x78 Middlewares/Third_Party/FreeRTOS/Source/portable/MemMang/heap_4.o
                0x08004050                vPortFree
 .text.MX_GPIO_Init
                0x080040c8       0x98 Src/main.o
 .text.MX_DMA_Init
                0x08004160       0x34 Src/main.o
 .text.RampTask
                0x08004194       0x34 Src/main.o
                0x08004194                RampTask
 .text.CounterTask
                0x080041c8      0x128 Src/main.o
                0x080041c8                CounterTask
 .text.VerifyTask
                0x080042f0       0x84 Src/main.o
                0x080042f0                VerifyTask
 .text.RPMTask  0x08004374       0x38 Src/main.o
                0x08004374                RPMTask
 .text.SerialTask
                0x080043ac      0x178 Src/main.o
                0x080043ac                SerialTask
 *fill*         0x08004524        0x4 
 .text.OverCurrentTask
                0x08004528       0xd0 Src/main.o
                0x08004528                OverCurrentTask
 .text.Comeca_Task
                0x080045f8       0xcc Src/main.o
                0x080045f8                Comeca_Task
 .text.HAL_ADC_ConvCpltCallback
                0x080046c4        0xc Src/main.o
                0x080046c4                HAL_ADC_ConvCpltCallback
 .text.HAL_TIM_PeriodElapsedCallback
                0x080046d0       0x14 Src/main.o
                0x080046d0                HAL_TIM_PeriodElapsedCallback
 .text._Error_Handler
                0x080046e4        0x4 Src/main.o
                0x080046e4                _Error_Handler
 .text.MX_USART2_UART_Init
                0x080046e8       0x3c Src/main.o
 .text.MX_TIM2_Init
                0x08004724       0xe0 Src/main.o
 .text.MX_TIM1_Init
                0x08004804       0x7c Src/main.o
 .text.MX_ADC1_Init
                0x08004880       0x74 Src/main.o
 .text.MX_TIM3_Init
                0x080048f4       0x74 Src/main.o
 .text.MX_TIM4_Init
                0x08004968       0x78 Src/main.o
 .text.SystemClock_Config
                0x080049e0       0xc0 Src/main.o
                0x080049e0                SystemClock_Config
 .text.main     0x08004aa0      0x108 Src/main.o
                0x08004aa0                main
 .text.HAL_MspInit
                0x08004ba8       0x60 Src/stm32f4xx_hal_msp.o
                0x08004ba8                HAL_MspInit
 .text.HAL_ADC_MspInit
                0x08004c08       0xa0 Src/stm32f4xx_hal_msp.o
                0x08004c08                HAL_ADC_MspInit
 .text.HAL_TIM_Base_MspInit
                0x08004ca8      0x10c Src/stm32f4xx_hal_msp.o
                0x08004ca8                HAL_TIM_Base_MspInit
 .text.HAL_TIM_MspPostInit
                0x08004db4       0x30 Src/stm32f4xx_hal_msp.o
                0x08004db4                HAL_TIM_MspPostInit
 .text.HAL_UART_MspInit
                0x08004de4       0x60 Src/stm32f4xx_hal_msp.o
                0x08004de4                HAL_UART_MspInit
 .text.HAL_InitTick
                0x08004e44       0x78 Src/stm32f4xx_hal_timebase_TIM.o
                0x08004e44                HAL_InitTick
 .text.NMI_Handler
                0x08004ebc        0x4 Src/stm32f4xx_it.o
                0x08004ebc                NMI_Handler
 .text.HardFault_Handler
                0x08004ec0        0x4 Src/stm32f4xx_it.o
                0x08004ec0                HardFault_Handler
 .text.MemManage_Handler
                0x08004ec4        0x4 Src/stm32f4xx_it.o
                0x08004ec4                MemManage_Handler
 .text.BusFault_Handler
                0x08004ec8        0x4 Src/stm32f4xx_it.o
                0x08004ec8                BusFault_Handler
 .text.UsageFault_Handler
                0x08004ecc        0x4 Src/stm32f4xx_it.o
                0x08004ecc                UsageFault_Handler
 .text.DebugMon_Handler
                0x08004ed0        0x4 Src/stm32f4xx_it.o
                0x08004ed0                DebugMon_Handler
 .text.SysTick_Handler
                0x08004ed4        0x8 Src/stm32f4xx_it.o
                0x08004ed4                SysTick_Handler
 .text.ADC_IRQHandler
                0x08004edc       0x10 Src/stm32f4xx_it.o
                0x08004edc                ADC_IRQHandler
 .text.TIM1_TRG_COM_TIM11_IRQHandler
                0x08004eec       0x18 Src/stm32f4xx_it.o
                0x08004eec                TIM1_TRG_COM_TIM11_IRQHandler
 .text.TIM2_IRQHandler
                0x08004f04       0x10 Src/stm32f4xx_it.o
                0x08004f04                TIM2_IRQHandler
 .text.USART2_IRQHandler
                0x08004f14       0x10 Src/stm32f4xx_it.o
                0x08004f14                USART2_IRQHandler
 .text.DMA2_Stream0_IRQHandler
                0x08004f24       0x10 Src/stm32f4xx_it.o
                0x08004f24                DMA2_Stream0_IRQHandler
 .text._sbrk    0x08004f34       0x38 Src/syscalls.o
                0x08004f34                _sbrk
 .text.SystemInit
                0x08004f6c       0x4c Src/system_stm32f4xx.o
                0x08004f6c                SystemInit
 .text.Reset_Handler
                0x08004fb8       0x50 startup/startup_stm32f411xe.o
                0x08004fb8                Reset_Handler
 .text.Default_Handler
                0x08005008        0x2 startup/startup_stm32f411xe.o
                0x08005008                RTC_Alarm_IRQHandler
                0x08005008                EXTI2_IRQHandler
                0x08005008                SPI4_IRQHandler
                0x08005008                TIM1_CC_IRQHandler
                0x08005008                DMA2_Stream5_IRQHandler
                0x08005008                DMA1_Stream5_IRQHandler
                0x08005008                PVD_IRQHandler
                0x08005008                SDIO_IRQHandler
                0x08005008                TAMP_STAMP_IRQHandler
                0x08005008                EXTI3_IRQHandler
                0x08005008                TIM1_UP_TIM10_IRQHandler
                0x08005008                I2C3_ER_IRQHandler
                0x08005008                EXTI0_IRQHandler
                0x08005008                I2C2_EV_IRQHandler
                0x08005008                DMA1_Stream2_IRQHandler
                0x08005008                FPU_IRQHandler
                0x08005008                DMA2_Stream2_IRQHandler
                0x08005008                SPI1_IRQHandler
                0x08005008                TIM1_BRK_TIM9_IRQHandler
                0x08005008                DMA2_Stream3_IRQHandler
                0x08005008                USART6_IRQHandler
                0x08005008                TIM4_IRQHandler
                0x08005008                I2C1_EV_IRQHandler
                0x08005008                DMA1_Stream6_IRQHandler
                0x08005008                DMA1_Stream1_IRQHandler
                0x08005008                TIM3_IRQHandler
                0x08005008                RCC_IRQHandler
                0x08005008                Default_Handler
                0x08005008                EXTI15_10_IRQHandler
                0x08005008                DMA1_Stream7_IRQHandler
                0x08005008                SPI5_IRQHandler
                0x08005008                TIM5_IRQHandler
                0x08005008                DMA2_Stream7_IRQHandler
                0x08005008                I2C3_EV_IRQHandler
                0x08005008                EXTI9_5_IRQHandler
                0x08005008                RTC_WKUP_IRQHandler
                0x08005008                SPI2_IRQHandler
                0x08005008                DMA1_Stream0_IRQHandler
                0x08005008                EXTI4_IRQHandler
                0x08005008                WWDG_IRQHandler
                0x08005008                OTG_FS_WKUP_IRQHandler
                0x08005008                EXTI1_IRQHandler
                0x08005008                I2C2_ER_IRQHandler
                0x08005008                DMA2_Stream1_IRQHandler
                0x08005008                FLASH_IRQHandler
                0x08005008                DMA2_Stream4_IRQHandler
                0x08005008                USART1_IRQHandler
                0x08005008                OTG_FS_IRQHandler
                0x08005008                SPI3_IRQHandler
                0x08005008                DMA1_Stream4_IRQHandler
                0x08005008                I2C1_ER_IRQHandler
                0x08005008                DMA2_Stream6_IRQHandler
                0x08005008                DMA1_Stream3_IRQHandler
 .text.atoi     0x0800500a        0x8 d:/st/eclipse/plugins/fr.ac6.mcu.externaltools.arm-none.win32_1.13.2.201703061525/tools/compiler/bin/../lib/gcc/arm-none-eabi/5.4.1/../../../../arm-none-eabi/lib/armv7e-m/fpu\libc_nano.a(lib_a-atoi.o)
                0x0800500a                atoi
 *fill*         0x08005012        0x2 
 .text.__errno  0x08005014        0xc d:/st/eclipse/plugins/fr.ac6.mcu.externaltools.arm-none.win32_1.13.2.201703061525/tools/compiler/bin/../lib/gcc/arm-none-eabi/5.4.1/../../../../arm-none-eabi/lib/armv7e-m/fpu\libc_nano.a(lib_a-errno.o)
                0x08005014                __errno
 .text.__libc_init_array
                0x08005020       0x4c d:/st/eclipse/plugins/fr.ac6.mcu.externaltools.arm-none.win32_1.13.2.201703061525/tools/compiler/bin/../lib/gcc/arm-none-eabi/5.4.1/../../../../arm-none-eabi/lib/armv7e-m/fpu\libc_nano.a(lib_a-init.o)
                0x08005020                __libc_init_array
 .text.memcpy   0x0800506c       0x16 d:/st/eclipse/plugins/fr.ac6.mcu.externaltools.arm-none.win32_1.13.2.201703061525/tools/compiler/bin/../lib/gcc/arm-none-eabi/5.4.1/../../../../arm-none-eabi/lib/armv7e-m/fpu\libc_nano.a(lib_a-memcpy-stub.o)
                0x0800506c                memcpy
 *fill*         0x08005082        0x2 
 .text.sprintf  0x08005084       0x48 d:/st/eclipse/plugins/fr.ac6.mcu.externaltools.arm-none.win32_1.13.2.201703061525/tools/compiler/bin/../lib/gcc/arm-none-eabi/5.4.1/../../../../arm-none-eabi/lib/armv7e-m/fpu\libc_nano.a(lib_a-sprintf.o)
                0x08005084                siprintf
                0x08005084                sprintf
 .text._strtol_l.isra.0
                0x080050cc      0x110 d:/st/eclipse/plugins/fr.ac6.mcu.externaltools.arm-none.win32_1.13.2.201703061525/tools/compiler/bin/../lib/gcc/arm-none-eabi/5.4.1/../../../../arm-none-eabi/lib/armv7e-m/fpu\libc_nano.a(lib_a-strtol.o)
 .text.strtol   0x080051dc       0x2c d:/st/eclipse/plugins/fr.ac6.mcu.externaltools.arm-none.win32_1.13.2.201703061525/tools/compiler/bin/../lib/gcc/arm-none-eabi/5.4.1/../../../../arm-none-eabi/lib/armv7e-m/fpu\libc_nano.a(lib_a-strtol.o)
                0x080051dc                strtol
 .text.__locale_ctype_ptr_l
                0x08005208        0x6 d:/st/eclipse/plugins/fr.ac6.mcu.externaltools.arm-none.win32_1.13.2.201703061525/tools/compiler/bin/../lib/gcc/arm-none-eabi/5.4.1/../../../../arm-none-eabi/lib/armv7e-m/fpu\libc_nano.a(lib_a-locale.o)
                0x08005208                __locale_ctype_ptr_l
 .text.__ascii_mbtowc
                0x0800520e       0x24 d:/st/eclipse/plugins/fr.ac6.mcu.externaltools.arm-none.win32_1.13.2.201703061525/tools/compiler/bin/../lib/gcc/arm-none-eabi/5.4.1/../../../../arm-none-eabi/lib/armv7e-m/fpu\libc_nano.a(lib_a-mbtowc_r.o)
                0x0800520e                __ascii_mbtowc
 .text.__ssputs_r
                0x08005232       0xb2 d:/st/eclipse/plugins/fr.ac6.mcu.externaltools.arm-none.win32_1.13.2.201703061525/tools/compiler/bin/../lib/gcc/arm-none-eabi/5.4.1/../../../../arm-none-eabi/lib/armv7e-m/fpu\libc_nano.a(lib_a-nano-svfprintf.o)
                0x08005232                __ssputs_r
 .text._svfprintf_r
                0x080052e4      0x1e8 d:/st/eclipse/plugins/fr.ac6.mcu.externaltools.arm-none.win32_1.13.2.201703061525/tools/compiler/bin/../lib/gcc/arm-none-eabi/5.4.1/../../../../arm-none-eabi/lib/armv7e-m/fpu\libc_nano.a(lib_a-nano-svfprintf.o)
                0x080052e4                _svfiprintf_r
                0x080052e4                _svfprintf_r
 .text._printf_common
                0x080054cc       0xec d:/st/eclipse/plugins/fr.ac6.mcu.externaltools.arm-none.win32_1.13.2.201703061525/tools/compiler/bin/../lib/gcc/arm-none-eabi/5.4.1/../../../../arm-none-eabi/lib/armv7e-m/fpu\libc_nano.a(lib_a-nano-vfprintf_i.o)
                0x080054cc                _printf_common
 .text._printf_i
                0x080055b8      0x24c d:/st/eclipse/plugins/fr.ac6.mcu.externaltools.arm-none.win32_1.13.2.201703061525/tools/compiler/bin/../lib/gcc/arm-none-eabi/5.4.1/../../../../arm-none-eabi/lib/armv7e-m/fpu\libc_nano.a(lib_a-nano-vfprintf_i.o)
                0x080055b8                _printf_i
 .text.__ascii_wctomb
                0x08005804       0x1a d:/st/eclipse/plugins/fr.ac6.mcu.externaltools.arm-none.win32_1.13.2.201703061525/tools/compiler/bin/../lib/gcc/arm-none-eabi/5.4.1/../../../../arm-none-eabi/lib/armv7e-m/fpu\libc_nano.a(lib_a-wctomb_r.o)
                0x08005804                __ascii_wctomb
 .text.memmove  0x0800581e       0x36 d:/st/eclipse/plugins/fr.ac6.mcu.externaltools.arm-none.win32_1.13.2.201703061525/tools/compiler/bin/../lib/gcc/arm-none-eabi/5.4.1/../../../../arm-none-eabi/lib/armv7e-m/fpu\libc_nano.a(lib_a-memmove.o)
                0x0800581e                memmove
 .text._free_r  0x08005854       0x9c d:/st/eclipse/plugins/fr.ac6.mcu.externaltools.arm-none.win32_1.13.2.201703061525/tools/compiler/bin/../lib/gcc/arm-none-eabi/5.4.1/../../../../arm-none-eabi/lib/armv7e-m/fpu\libc_nano.a(lib_a-nano-freer.o)
                0x08005854                _free_r
 .text._malloc_r
                0x080058f0       0xbc d:/st/eclipse/plugins/fr.ac6.mcu.externaltools.arm-none.win32_1.13.2.201703061525/tools/compiler/bin/../lib/gcc/arm-none-eabi/5.4.1/../../../../arm-none-eabi/lib/armv7e-m/fpu\libc_nano.a(lib_a-nano-mallocr.o)
                0x080058f0                _malloc_r
 .text._realloc_r
                0x080059ac       0x4c d:/st/eclipse/plugins/fr.ac6.mcu.externaltools.arm-none.win32_1.13.2.201703061525/tools/compiler/bin/../lib/gcc/arm-none-eabi/5.4.1/../../../../arm-none-eabi/lib/armv7e-m/fpu\libc_nano.a(lib_a-nano-reallocr.o)
                0x080059ac                _realloc_r
 .text._sbrk_r  0x080059f8       0x20 d:/st/eclipse/plugins/fr.ac6.mcu.externaltools.arm-none.win32_1.13.2.201703061525/tools/compiler/bin/../lib/gcc/arm-none-eabi/5.4.1/../../../../arm-none-eabi/lib/armv7e-m/fpu\libc_nano.a(lib_a-sbrkr.o)
                0x080059f8                _sbrk_r
 .text.__malloc_lock
                0x08005a18        0x2 d:/st/eclipse/plugins/fr.ac6.mcu.externaltools.arm-none.win32_1.13.2.201703061525/tools/compiler/bin/../lib/gcc/arm-none-eabi/5.4.1/../../../../arm-none-eabi/lib/armv7e-m/fpu\libc_nano.a(lib_a-mlock.o)
                0x08005a18                __malloc_lock
 .text.__malloc_unlock
                0x08005a1a        0x2 d:/st/eclipse/plugins/fr.ac6.mcu.externaltools.arm-none.win32_1.13.2.201703061525/tools/compiler/bin/../lib/gcc/arm-none-eabi/5.4.1/../../../../arm-none-eabi/lib/armv7e-m/fpu\libc_nano.a(lib_a-mlock.o)
                0x08005a1a                __malloc_unlock
 .text._malloc_usable_size_r
                0x08005a1c       0x14 d:/st/eclipse/plugins/fr.ac6.mcu.externaltools.arm-none.win32_1.13.2.201703061525/tools/compiler/bin/../lib/gcc/arm-none-eabi/5.4.1/../../../../arm-none-eabi/lib/armv7e-m/fpu\libc_nano.a(lib_a-nano-msizer.o)
                0x08005a1c                _malloc_usable_size_r
 .text.pow      0x08005a30      0x338 d:/st/eclipse/plugins/fr.ac6.mcu.externaltools.arm-none.win32_1.13.2.201703061525/tools/compiler/bin/../lib/gcc/arm-none-eabi/5.4.1/../../../../arm-none-eabi/lib/armv7e-m/fpu\libm.a(lib_a-w_pow.o)
                0x08005a30                pow
 .text.sqrt     0x08005d68       0xc0 d:/st/eclipse/plugins/fr.ac6.mcu.externaltools.arm-none.win32_1.13.2.201703061525/tools/compiler/bin/../lib/gcc/arm-none-eabi/5.4.1/../../../../arm-none-eabi/lib/armv7e-m/fpu\libm.a(lib_a-w_sqrt.o)
                0x08005d68                sqrt
 .text.__ieee754_pow
                0x08005e28      0xb10 d:/st/eclipse/plugins/fr.ac6.mcu.externaltools.arm-none.win32_1.13.2.201703061525/tools/compiler/bin/../lib/gcc/arm-none-eabi/5.4.1/../../../../arm-none-eabi/lib/armv7e-m/fpu\libm.a(lib_a-e_pow.o)
                0x08005e28                __ieee754_pow
 .text.__ieee754_sqrt
                0x08006938      0x1a0 d:/st/eclipse/plugins/fr.ac6.mcu.externaltools.arm-none.win32_1.13.2.201703061525/tools/compiler/bin/../lib/gcc/arm-none-eabi/5.4.1/../../../../arm-none-eabi/lib/armv7e-m/fpu\libm.a(lib_a-e_sqrt.o)
                0x08006938                __ieee754_sqrt
 .text.fabs     0x08006ad8       0x10 d:/st/eclipse/plugins/fr.ac6.mcu.externaltools.arm-none.win32_1.13.2.201703061525/tools/compiler/bin/../lib/gcc/arm-none-eabi/5.4.1/../../../../arm-none-eabi/lib/armv7e-m/fpu\libm.a(lib_a-s_fabs.o)
                0x08006ad8                fabs
 .text.finite   0x08006ae8       0x10 d:/st/eclipse/plugins/fr.ac6.mcu.externaltools.arm-none.win32_1.13.2.201703061525/tools/compiler/bin/../lib/gcc/arm-none-eabi/5.4.1/../../../../arm-none-eabi/lib/armv7e-m/fpu\libm.a(lib_a-s_finite.o)
                0x08006ae8                finite
 .text.matherr  0x08006af8        0x4 d:/st/eclipse/plugins/fr.ac6.mcu.externaltools.arm-none.win32_1.13.2.201703061525/tools/compiler/bin/../lib/gcc/arm-none-eabi/5.4.1/../../../../arm-none-eabi/lib/armv7e-m/fpu\libm.a(lib_a-s_matherr.o)
                0x08006af8                matherr
 *fill*         0x08006afc        0x4 
 .text.nan      0x08006b00       0x10 d:/st/eclipse/plugins/fr.ac6.mcu.externaltools.arm-none.win32_1.13.2.201703061525/tools/compiler/bin/../lib/gcc/arm-none-eabi/5.4.1/../../../../arm-none-eabi/lib/armv7e-m/fpu\libm.a(lib_a-s_nan.o)
                0x08006b00                nan
 .text.rint     0x08006b10      0x128 d:/st/eclipse/plugins/fr.ac6.mcu.externaltools.arm-none.win32_1.13.2.201703061525/tools/compiler/bin/../lib/gcc/arm-none-eabi/5.4.1/../../../../arm-none-eabi/lib/armv7e-m/fpu\libm.a(lib_a-s_rint.o)
                0x08006b10                rint
 .text.scalbn   0x08006c38      0x10c d:/st/eclipse/plugins/fr.ac6.mcu.externaltools.arm-none.win32_1.13.2.201703061525/tools/compiler/bin/../lib/gcc/arm-none-eabi/5.4.1/../../../../arm-none-eabi/lib/armv7e-m/fpu\libm.a(lib_a-s_scalbn.o)
                0x08006c38                scalbn
 .text.copysign
                0x08006d44       0x1c d:/st/eclipse/plugins/fr.ac6.mcu.externaltools.arm-none.win32_1.13.2.201703061525/tools/compiler/bin/../lib/gcc/arm-none-eabi/5.4.1/../../../../arm-none-eabi/lib/armv7e-m/fpu\libm.a(lib_a-s_copysign.o)
                0x08006d44                copysign
 *(.glue_7)
 .glue_7        0x08006d60        0x0 linker stubs
 *(.glue_7t)
 .glue_7t       0x08006d60        0x0 linker stubs
 *(.eh_frame)
 .eh_frame      0x08006d60        0x0 d:/st/eclipse/plugins/fr.ac6.mcu.externaltools.arm-none.win32_1.13.2.201703061525/tools/compiler/bin/../lib/gcc/arm-none-eabi/5.4.1/armv7e-m/fpu/crtbegin.o
 *(.init)
 .init          0x08006d60        0x4 d:/st/eclipse/plugins/fr.ac6.mcu.externaltools.arm-none.win32_1.13.2.201703061525/tools/compiler/bin/../lib/gcc/arm-none-eabi/5.4.1/armv7e-m/fpu/crti.o
                0x08006d60                _init
 .init          0x08006d64        0x8 d:/st/eclipse/plugins/fr.ac6.mcu.externaltools.arm-none.win32_1.13.2.201703061525/tools/compiler/bin/../lib/gcc/arm-none-eabi/5.4.1/armv7e-m/fpu/crtn.o
 *(.fini)
 .fini          0x08006d6c        0x4 d:/st/eclipse/plugins/fr.ac6.mcu.externaltools.arm-none.win32_1.13.2.201703061525/tools/compiler/bin/../lib/gcc/arm-none-eabi/5.4.1/armv7e-m/fpu/crti.o
                0x08006d6c                _fini
 .fini          0x08006d70        0x8 d:/st/eclipse/plugins/fr.ac6.mcu.externaltools.arm-none.win32_1.13.2.201703061525/tools/compiler/bin/../lib/gcc/arm-none-eabi/5.4.1/armv7e-m/fpu/crtn.o
                0x08006d78                . = ALIGN (0x4)
                0x08006d78                _etext = .

.vfp11_veneer   0x08006d78        0x0
 .vfp11_veneer  0x08006d78        0x0 linker stubs

.v4_bx          0x08006d78        0x0
 .v4_bx         0x08006d78        0x0 linker stubs

.iplt           0x08006d78        0x0
 .iplt          0x08006d78        0x0 d:/st/eclipse/plugins/fr.ac6.mcu.externaltools.arm-none.win32_1.13.2.201703061525/tools/compiler/bin/../lib/gcc/arm-none-eabi/5.4.1/armv7e-m/fpu/crtbegin.o

.rodata         0x08006d78      0x3d8
                0x08006d78                . = ALIGN (0x4)
 *(.rodata)
 .rodata        0x08006d78        0x8 Drivers/STM32F4xx_HAL_Driver/Src/stm32f4xx_hal_dma.o
 .rodata        0x08006d80       0x8c Src/main.o
 .rodata        0x08006e0c       0x18 Src/system_stm32f4xx.o
                0x08006e0c                AHBPrescTable
                0x08006e1c                APBPrescTable
 *(.rodata*)
 .rodata.str1.4
                0x08006e24        0x5 Middlewares/Third_Party/FreeRTOS/Source/tasks.o
 *fill*         0x08006e29        0x3 
 .rodata.str1.4
                0x08006e2c      0x1a9 Src/main.o
 *fill*         0x08006fd5        0x3 
 .rodata.str1.4
                0x08006fd8       0x1b Src/stm32f4xx_hal_msp.o
 .rodata.str1.1
                0x08006ff3        0xa d:/st/eclipse/plugins/fr.ac6.mcu.externaltools.arm-none.win32_1.13.2.201703061525/tools/compiler/bin/../lib/gcc/arm-none-eabi/5.4.1/../../../../arm-none-eabi/lib/armv7e-m/fpu\libc_nano.a(lib_a-locale.o)
                                  0xb (size before relaxing)
 .rodata.str1.1
                0x08006ffd       0x11 d:/st/eclipse/plugins/fr.ac6.mcu.externaltools.arm-none.win32_1.13.2.201703061525/tools/compiler/bin/../lib/gcc/arm-none-eabi/5.4.1/../../../../arm-none-eabi/lib/armv7e-m/fpu\libc_nano.a(lib_a-nano-svfprintf.o)
 .rodata.str1.1
                0x0800700e       0x22 d:/st/eclipse/plugins/fr.ac6.mcu.externaltools.arm-none.win32_1.13.2.201703061525/tools/compiler/bin/../lib/gcc/arm-none-eabi/5.4.1/../../../../arm-none-eabi/lib/armv7e-m/fpu\libc_nano.a(lib_a-nano-vfprintf_i.o)
 .rodata._ctype_
                0x08007030      0x101 d:/st/eclipse/plugins/fr.ac6.mcu.externaltools.arm-none.win32_1.13.2.201703061525/tools/compiler/bin/../lib/gcc/arm-none-eabi/5.4.1/../../../../arm-none-eabi/lib/armv7e-m/fpu\libc_nano.a(lib_a-ctype_.o)
                0x08007030                _ctype_
 *fill*         0x08007131        0x3 
 .rodata.str1.4
                0x08007134        0x4 d:/st/eclipse/plugins/fr.ac6.mcu.externaltools.arm-none.win32_1.13.2.201703061525/tools/compiler/bin/../lib/gcc/arm-none-eabi/5.4.1/../../../../arm-none-eabi/lib/armv7e-m/fpu\libm.a(lib_a-w_pow.o)
 .rodata.str1.4
                0x08007138        0x5 d:/st/eclipse/plugins/fr.ac6.mcu.externaltools.arm-none.win32_1.13.2.201703061525/tools/compiler/bin/../lib/gcc/arm-none-eabi/5.4.1/../../../../arm-none-eabi/lib/armv7e-m/fpu\libm.a(lib_a-w_sqrt.o)
 .rodata.str1.4
                0x0800713d        0x8 d:/st/eclipse/plugins/fr.ac6.mcu.externaltools.arm-none.win32_1.13.2.201703061525/tools/compiler/bin/../lib/gcc/arm-none-eabi/5.4.1/../../../../arm-none-eabi/lib/armv7e-m/fpu\libm.a(lib_a-e_pow.o)
                                  0x1 (size before relaxing)
 *fill*         0x0800713d        0x3 
 .rodata.TWO52  0x08007140       0x10 d:/st/eclipse/plugins/fr.ac6.mcu.externaltools.arm-none.win32_1.13.2.201703061525/tools/compiler/bin/../lib/gcc/arm-none-eabi/5.4.1/../../../../arm-none-eabi/lib/armv7e-m/fpu\libm.a(lib_a-s_rint.o)
                0x08007150                . = ALIGN (0x4)

.ARM.extab
 *(.ARM.extab* .gnu.linkonce.armextab.*)

.ARM            0x08007150        0x8
                0x08007150                __exidx_start = .
 *(.ARM.exidx*)
 .ARM.exidx     0x08007150        0x8 d:/st/eclipse/plugins/fr.ac6.mcu.externaltools.arm-none.win32_1.13.2.201703061525/tools/compiler/bin/../lib/gcc/arm-none-eabi/5.4.1/armv7e-m/fpu\libgcc.a(_udivmoddi4.o)
                0x08007158                __exidx_end = .

.rel.dyn        0x08007158        0x0
 .rel.iplt      0x08007158        0x0 d:/st/eclipse/plugins/fr.ac6.mcu.externaltools.arm-none.win32_1.13.2.201703061525/tools/compiler/bin/../lib/gcc/arm-none-eabi/5.4.1/armv7e-m/fpu/crtbegin.o

.preinit_array  0x08007158        0x0
                0x08007158                PROVIDE (__preinit_array_start, .)
 *(.preinit_array*)
                0x08007158                PROVIDE (__preinit_array_end, .)

.init_array     0x08007158        0x4
                0x08007158                PROVIDE (__init_array_start, .)
 *(SORT(.init_array.*))
 *(.init_array*)
 .init_array    0x08007158        0x4 d:/st/eclipse/plugins/fr.ac6.mcu.externaltools.arm-none.win32_1.13.2.201703061525/tools/compiler/bin/../lib/gcc/arm-none-eabi/5.4.1/armv7e-m/fpu/crtbegin.o
                0x0800715c                PROVIDE (__init_array_end, .)

.fini_array     0x0800715c        0x4
                [!provide]                PROVIDE (__fini_array_start, .)
 *(SORT(.fini_array.*))
 *(.fini_array*)
 .fini_array    0x0800715c        0x4 d:/st/eclipse/plugins/fr.ac6.mcu.externaltools.arm-none.win32_1.13.2.201703061525/tools/compiler/bin/../lib/gcc/arm-none-eabi/5.4.1/armv7e-m/fpu/crtbegin.o
                [!provide]                PROVIDE (__fini_array_end, .)
                0x08007160                _sidata = LOADADDR (.data)

.data           0x20000000      0x20c load address 0x08007160
                0x20000000                . = ALIGN (0x4)
                0x20000000                _sdata = .
 *(.data)
 .data          0x20000000        0x8 Drivers/STM32F4xx_HAL_Driver/Src/stm32f4xx_hal.o
                0x20000000                uwTickFreq
                0x20000004                uwTickPrio
 .data          0x20000008        0x4 Middlewares/Third_Party/FreeRTOS/Source/portable/GCC/ARM_CM4F/port.o
 .data          0x2000000c       0x28 Src/main.o
                0x2000000c                PULSE_DELAY
                0x20000010                PULSE_WIDTH
                0x20000014                RampUp
                0x20000018                fg_End
                0x2000001c                minimal_delay
                0x20000020                PULSE_WIDTH_CONST
                0x20000024                tempo_up
                0x20000028                tempo_down
                0x2000002c                Irms_over
                0x20000030                Vrms_over
 .data          0x20000034        0x4 Src/system_stm32f4xx.o
                0x20000034                SystemCoreClock
 *(.data*)
 .data.impure_data
                0x20000038       0x60 d:/st/eclipse/plugins/fr.ac6.mcu.externaltools.arm-none.win32_1.13.2.201703061525/tools/compiler/bin/../lib/gcc/arm-none-eabi/5.4.1/../../../../arm-none-eabi/lib/armv7e-m/fpu\libc_nano.a(lib_a-impure.o)
 .data._impure_ptr
                0x20000098        0x4 d:/st/eclipse/plugins/fr.ac6.mcu.externaltools.arm-none.win32_1.13.2.201703061525/tools/compiler/bin/../lib/gcc/arm-none-eabi/5.4.1/../../../../arm-none-eabi/lib/armv7e-m/fpu\libc_nano.a(lib_a-impure.o)
                0x20000098                _impure_ptr
 .data.__global_locale
                0x2000009c      0x16c d:/st/eclipse/plugins/fr.ac6.mcu.externaltools.arm-none.win32_1.13.2.201703061525/tools/compiler/bin/../lib/gcc/arm-none-eabi/5.4.1/../../../../arm-none-eabi/lib/armv7e-m/fpu\libc_nano.a(lib_a-locale.o)
                0x2000009c                __global_locale
 .data.__fdlib_version
                0x20000208        0x1 d:/st/eclipse/plugins/fr.ac6.mcu.externaltools.arm-none.win32_1.13.2.201703061525/tools/compiler/bin/../lib/gcc/arm-none-eabi/5.4.1/../../../../arm-none-eabi/lib/armv7e-m/fpu\libm.a(lib_a-s_lib_ver.o)
                0x20000208                __fdlib_version
                0x2000020c                . = ALIGN (0x4)
 *fill*         0x20000209        0x3 
                0x2000020c                _edata = .

.jcr            0x2000020c        0x0 load address 0x0800736c
 .jcr           0x2000020c        0x0 d:/st/eclipse/plugins/fr.ac6.mcu.externaltools.arm-none.win32_1.13.2.201703061525/tools/compiler/bin/../lib/gcc/arm-none-eabi/5.4.1/armv7e-m/fpu/crtbegin.o

.igot.plt       0x2000020c        0x0 load address 0x0800736c
 .igot.plt      0x2000020c        0x0 d:/st/eclipse/plugins/fr.ac6.mcu.externaltools.arm-none.win32_1.13.2.201703061525/tools/compiler/bin/../lib/gcc/arm-none-eabi/5.4.1/armv7e-m/fpu/crtbegin.o
                0x2000020c                . = ALIGN (0x4)

.bss            0x2000020c     0x3fec load address 0x0800736c
                0x2000020c                _sbss = .
                0x2000020c                __bss_start__ = _sbss
 *(.bss)
 .bss           0x2000020c       0x1c d:/st/eclipse/plugins/fr.ac6.mcu.externaltools.arm-none.win32_1.13.2.201703061525/tools/compiler/bin/../lib/gcc/arm-none-eabi/5.4.1/armv7e-m/fpu/crtbegin.o
 .bss           0x20000228      0x12c Middlewares/Third_Party/FreeRTOS/Source/tasks.o
                0x20000328                pxCurrentTCB
 .bss           0x20000354        0x8 Middlewares/Third_Party/FreeRTOS/Source/portable/GCC/ARM_CM4F/port.o
 .bss           0x2000035c     0x3c18 Middlewares/Third_Party/FreeRTOS/Source/portable/MemMang/heap_4.o
 .bss           0x20003f74        0x2 Src/main.o
                0x20003f74                fg_Start
                0x20003f75                fg_ADC_current
 *fill*         0x20003f76        0x2 
 .bss           0x20003f78        0x8 Src/syscalls.o
                0x20003f7c                __env
 *(.bss*)
 .bss.__malloc_sbrk_start
                0x20003f80        0x4 d:/st/eclipse/plugins/fr.ac6.mcu.externaltools.arm-none.win32_1.13.2.201703061525/tools/compiler/bin/../lib/gcc/arm-none-eabi/5.4.1/../../../../arm-none-eabi/lib/armv7e-m/fpu\libc_nano.a(lib_a-nano-mallocr.o)
                0x20003f80                __malloc_sbrk_start
 .bss.__malloc_free_list
                0x20003f84        0x4 d:/st/eclipse/plugins/fr.ac6.mcu.externaltools.arm-none.win32_1.13.2.201703061525/tools/compiler/bin/../lib/gcc/arm-none-eabi/5.4.1/../../../../arm-none-eabi/lib/armv7e-m/fpu\libc_nano.a(lib_a-nano-mallocr.o)
                0x20003f84                __malloc_free_list
 *(COMMON)
 COMMON         0x20003f88        0x4 Drivers/STM32F4xx_HAL_Driver/Src/stm32f4xx_hal.o
                0x20003f88                uwTick
 COMMON         0x20003f8c      0x22c Src/main.o
                0x20003f8c                Irms
                0x20003f90                htim4
                0x20003fcc                tempo
                0x20003fd0                RampHandle
                0x20003fd4                ComecaHandle
                0x20003fd8                htim3
                0x20004014                RPM
                0x20004018                hadc1
                0x20004060                RPMHandle
                0x20004064                Vrms
                0x20004068                VerifyHandle
                0x2000406c                hdma_adc1
                0x200040cc                counter
                0x200040d0                adc_current
                0x200040f0                htim1
                0x2000412c                delay
                0x20004130                htim2
                0x2000416c                huart2
                0x200041ac                CounterHandle
                0x200041b0                SerialHandle
                0x200041b4                OverCurrentHandle
 COMMON         0x200041b8       0x3c Src/stm32f4xx_hal_timebase_TIM.o
                0x200041b8                htim11
 COMMON         0x200041f4        0x4 d:/st/eclipse/plugins/fr.ac6.mcu.externaltools.arm-none.win32_1.13.2.201703061525/tools/compiler/bin/../lib/gcc/arm-none-eabi/5.4.1/../../../../arm-none-eabi/lib/armv7e-m/fpu\libc_nano.a(lib_a-reent.o)
                0x200041f4                errno
                0x200041f8                . = ALIGN (0x4)
                0x200041f8                _ebss = .
                0x200041f8                __bss_end__ = _ebss

._user_heap_stack
                0x200041f8      0x600 load address 0x0800736c
                0x200041f8                . = ALIGN (0x8)
                0x200041f8                PROVIDE (end, .)
                [!provide]                PROVIDE (_end, .)
                0x200043f8                . = (. + _Min_Heap_Size)
 *fill*         0x200041f8      0x200 
                0x200047f8                . = (. + _Min_Stack_Size)
 *fill*         0x200043f8      0x400 
                0x200047f8                . = ALIGN (0x8)

/DISCARD/
 libc.a(*)
 libm.a(*)
 libgcc.a(*)

.ARM.attributes
                0x00000000       0x30
 *(.ARM.attributes)
 .ARM.attributes
                0x00000000       0x22 d:/st/eclipse/plugins/fr.ac6.mcu.externaltools.arm-none.win32_1.13.2.201703061525/tools/compiler/bin/../lib/gcc/arm-none-eabi/5.4.1/armv7e-m/fpu/crti.o
 .ARM.attributes
                0x00000022       0x34 d:/st/eclipse/plugins/fr.ac6.mcu.externaltools.arm-none.win32_1.13.2.201703061525/tools/compiler/bin/../lib/gcc/arm-none-eabi/5.4.1/armv7e-m/fpu/crtbegin.o
 .ARM.attributes
                0x00000056       0x39 Drivers/STM32F4xx_HAL_Driver/Src/stm32f4xx_hal.o
 .ARM.attributes
                0x0000008f       0x39 Drivers/STM32F4xx_HAL_Driver/Src/stm32f4xx_hal_adc.o
 .ARM.attributes
                0x000000c8       0x39 Drivers/STM32F4xx_HAL_Driver/Src/stm32f4xx_hal_adc_ex.o
 .ARM.attributes
                0x00000101       0x39 Drivers/STM32F4xx_HAL_Driver/Src/stm32f4xx_hal_cortex.o
 .ARM.attributes
                0x0000013a       0x39 Drivers/STM32F4xx_HAL_Driver/Src/stm32f4xx_hal_dma.o
 .ARM.attributes
                0x00000173       0x39 Drivers/STM32F4xx_HAL_Driver/Src/stm32f4xx_hal_gpio.o
 .ARM.attributes
                0x000001ac       0x39 Drivers/STM32F4xx_HAL_Driver/Src/stm32f4xx_hal_rcc.o
 .ARM.attributes
                0x000001e5       0x39 Drivers/STM32F4xx_HAL_Driver/Src/stm32f4xx_hal_tim.o
 .ARM.attributes
                0x0000021e       0x39 Drivers/STM32F4xx_HAL_Driver/Src/stm32f4xx_hal_tim_ex.o
 .ARM.attributes
                0x00000257       0x39 Drivers/STM32F4xx_HAL_Driver/Src/stm32f4xx_hal_uart.o
 .ARM.attributes
                0x00000290       0x39 Middlewares/Third_Party/FreeRTOS/Source/CMSIS_RTOS/cmsis_os.o
 .ARM.attributes
                0x000002c9       0x39 Middlewares/Third_Party/FreeRTOS/Source/list.o
 .ARM.attributes
                0x00000302       0x39 Middlewares/Third_Party/FreeRTOS/Source/tasks.o
 .ARM.attributes
                0x0000033b       0x39 Middlewares/Third_Party/FreeRTOS/Source/portable/GCC/ARM_CM4F/port.o
 .ARM.attributes
                0x00000374       0x39 Middlewares/Third_Party/FreeRTOS/Source/portable/MemMang/heap_4.o
 .ARM.attributes
                0x000003ad       0x39 Src/main.o
 .ARM.attributes
                0x000003e6       0x39 Src/stm32f4xx_hal_msp.o
 .ARM.attributes
                0x0000041f       0x39 Src/stm32f4xx_hal_timebase_TIM.o
 .ARM.attributes
                0x00000458       0x39 Src/stm32f4xx_it.o
 .ARM.attributes
                0x00000491       0x39 Src/syscalls.o
 .ARM.attributes
                0x000004ca       0x39 Src/system_stm32f4xx.o
 .ARM.attributes
                0x00000503       0x21 startup/startup_stm32f411xe.o
 .ARM.attributes
                0x00000524       0x22 d:/st/eclipse/plugins/fr.ac6.mcu.externaltools.arm-none.win32_1.13.2.201703061525/tools/compiler/bin/../lib/gcc/arm-none-eabi/5.4.1/armv7e-m/fpu\libgcc.a(_arm_addsubdf3.o)
 .ARM.attributes
                0x00000546       0x22 d:/st/eclipse/plugins/fr.ac6.mcu.externaltools.arm-none.win32_1.13.2.201703061525/tools/compiler/bin/../lib/gcc/arm-none-eabi/5.4.1/armv7e-m/fpu\libgcc.a(_arm_fixdfsi.o)
 .ARM.attributes
                0x00000568       0x22 d:/st/eclipse/plugins/fr.ac6.mcu.externaltools.arm-none.win32_1.13.2.201703061525/tools/compiler/bin/../lib/gcc/arm-none-eabi/5.4.1/armv7e-m/fpu\libgcc.a(_aeabi_uldivmod.o)
 .ARM.attributes
                0x0000058a       0x34 d:/st/eclipse/plugins/fr.ac6.mcu.externaltools.arm-none.win32_1.13.2.201703061525/tools/compiler/bin/../lib/gcc/arm-none-eabi/5.4.1/armv7e-m/fpu\libgcc.a(_udivmoddi4.o)
 .ARM.attributes
                0x000005be       0x22 d:/st/eclipse/plugins/fr.ac6.mcu.externaltools.arm-none.win32_1.13.2.201703061525/tools/compiler/bin/../lib/gcc/arm-none-eabi/5.4.1/armv7e-m/fpu\libgcc.a(_dvmd_tls.o)
 .ARM.attributes
                0x000005e0       0x34 d:/st/eclipse/plugins/fr.ac6.mcu.externaltools.arm-none.win32_1.13.2.201703061525/tools/compiler/bin/../lib/gcc/arm-none-eabi/5.4.1/../../../../arm-none-eabi/lib/armv7e-m/fpu\libc_nano.a(lib_a-atoi.o)
 .ARM.attributes
                0x00000614       0x34 d:/st/eclipse/plugins/fr.ac6.mcu.externaltools.arm-none.win32_1.13.2.201703061525/tools/compiler/bin/../lib/gcc/arm-none-eabi/5.4.1/../../../../arm-none-eabi/lib/armv7e-m/fpu\libc_nano.a(lib_a-errno.o)
 .ARM.attributes
                0x00000648       0x34 d:/st/eclipse/plugins/fr.ac6.mcu.externaltools.arm-none.win32_1.13.2.201703061525/tools/compiler/bin/../lib/gcc/arm-none-eabi/5.4.1/../../../../arm-none-eabi/lib/armv7e-m/fpu\libc_nano.a(lib_a-impure.o)
 .ARM.attributes
                0x0000067c       0x34 d:/st/eclipse/plugins/fr.ac6.mcu.externaltools.arm-none.win32_1.13.2.201703061525/tools/compiler/bin/../lib/gcc/arm-none-eabi/5.4.1/../../../../arm-none-eabi/lib/armv7e-m/fpu\libc_nano.a(lib_a-init.o)
 .ARM.attributes
                0x000006b0       0x34 d:/st/eclipse/plugins/fr.ac6.mcu.externaltools.arm-none.win32_1.13.2.201703061525/tools/compiler/bin/../lib/gcc/arm-none-eabi/5.4.1/../../../../arm-none-eabi/lib/armv7e-m/fpu\libc_nano.a(lib_a-memcpy-stub.o)
 .ARM.attributes
                0x000006e4       0x34 d:/st/eclipse/plugins/fr.ac6.mcu.externaltools.arm-none.win32_1.13.2.201703061525/tools/compiler/bin/../lib/gcc/arm-none-eabi/5.4.1/../../../../arm-none-eabi/lib/armv7e-m/fpu\libc_nano.a(lib_a-sprintf.o)
 .ARM.attributes
                0x00000718       0x34 d:/st/eclipse/plugins/fr.ac6.mcu.externaltools.arm-none.win32_1.13.2.201703061525/tools/compiler/bin/../lib/gcc/arm-none-eabi/5.4.1/../../../../arm-none-eabi/lib/armv7e-m/fpu\libc_nano.a(lib_a-strtol.o)
 .ARM.attributes
                0x0000074c       0x34 d:/st/eclipse/plugins/fr.ac6.mcu.externaltools.arm-none.win32_1.13.2.201703061525/tools/compiler/bin/../lib/gcc/arm-none-eabi/5.4.1/../../../../arm-none-eabi/lib/armv7e-m/fpu\libc_nano.a(lib_a-locale.o)
 .ARM.attributes
                0x00000780       0x34 d:/st/eclipse/plugins/fr.ac6.mcu.externaltools.arm-none.win32_1.13.2.201703061525/tools/compiler/bin/../lib/gcc/arm-none-eabi/5.4.1/../../../../arm-none-eabi/lib/armv7e-m/fpu\libc_nano.a(lib_a-mbtowc_r.o)
 .ARM.attributes
                0x000007b4       0x34 d:/st/eclipse/plugins/fr.ac6.mcu.externaltools.arm-none.win32_1.13.2.201703061525/tools/compiler/bin/../lib/gcc/arm-none-eabi/5.4.1/../../../../arm-none-eabi/lib/armv7e-m/fpu\libc_nano.a(lib_a-nano-svfprintf.o)
 .ARM.attributes
                0x000007e8       0x34 d:/st/eclipse/plugins/fr.ac6.mcu.externaltools.arm-none.win32_1.13.2.201703061525/tools/compiler/bin/../lib/gcc/arm-none-eabi/5.4.1/../../../../arm-none-eabi/lib/armv7e-m/fpu\libc_nano.a(lib_a-nano-vfprintf_i.o)
 .ARM.attributes
                0x0000081c       0x34 d:/st/eclipse/plugins/fr.ac6.mcu.externaltools.arm-none.win32_1.13.2.201703061525/tools/compiler/bin/../lib/gcc/arm-none-eabi/5.4.1/../../../../arm-none-eabi/lib/armv7e-m/fpu\libc_nano.a(lib_a-wctomb_r.o)
 .ARM.attributes
                0x00000850       0x34 d:/st/eclipse/plugins/fr.ac6.mcu.externaltools.arm-none.win32_1.13.2.201703061525/tools/compiler/bin/../lib/gcc/arm-none-eabi/5.4.1/../../../../arm-none-eabi/lib/armv7e-m/fpu\libc_nano.a(lib_a-ctype_.o)
 .ARM.attributes
                0x00000884       0x20 d:/st/eclipse/plugins/fr.ac6.mcu.externaltools.arm-none.win32_1.13.2.201703061525/tools/compiler/bin/../lib/gcc/arm-none-eabi/5.4.1/../../../../arm-none-eabi/lib/armv7e-m/fpu\libc_nano.a(lib_a-memchr.o)
 .ARM.attributes
                0x000008a4       0x34 d:/st/eclipse/plugins/fr.ac6.mcu.externaltools.arm-none.win32_1.13.2.201703061525/tools/compiler/bin/../lib/gcc/arm-none-eabi/5.4.1/../../../../arm-none-eabi/lib/armv7e-m/fpu\libc_nano.a(lib_a-memmove.o)
 .ARM.attributes
                0x000008d8       0x34 d:/st/eclipse/plugins/fr.ac6.mcu.externaltools.arm-none.win32_1.13.2.201703061525/tools/compiler/bin/../lib/gcc/arm-none-eabi/5.4.1/../../../../arm-none-eabi/lib/armv7e-m/fpu\libc_nano.a(lib_a-nano-freer.o)
 .ARM.attributes
                0x0000090c       0x34 d:/st/eclipse/plugins/fr.ac6.mcu.externaltools.arm-none.win32_1.13.2.201703061525/tools/compiler/bin/../lib/gcc/arm-none-eabi/5.4.1/../../../../arm-none-eabi/lib/armv7e-m/fpu\libc_nano.a(lib_a-nano-mallocr.o)
 .ARM.attributes
                0x00000940       0x34 d:/st/eclipse/plugins/fr.ac6.mcu.externaltools.arm-none.win32_1.13.2.201703061525/tools/compiler/bin/../lib/gcc/arm-none-eabi/5.4.1/../../../../arm-none-eabi/lib/armv7e-m/fpu\libc_nano.a(lib_a-nano-reallocr.o)
 .ARM.attributes
                0x00000974       0x34 d:/st/eclipse/plugins/fr.ac6.mcu.externaltools.arm-none.win32_1.13.2.201703061525/tools/compiler/bin/../lib/gcc/arm-none-eabi/5.4.1/../../../../arm-none-eabi/lib/armv7e-m/fpu\libc_nano.a(lib_a-sbrkr.o)
 .ARM.attributes
                0x000009a8       0x34 d:/st/eclipse/plugins/fr.ac6.mcu.externaltools.arm-none.win32_1.13.2.201703061525/tools/compiler/bin/../lib/gcc/arm-none-eabi/5.4.1/../../../../arm-none-eabi/lib/armv7e-m/fpu\libc_nano.a(lib_a-mlock.o)
 .ARM.attributes
                0x000009dc       0x34 d:/st/eclipse/plugins/fr.ac6.mcu.externaltools.arm-none.win32_1.13.2.201703061525/tools/compiler/bin/../lib/gcc/arm-none-eabi/5.4.1/../../../../arm-none-eabi/lib/armv7e-m/fpu\libc_nano.a(lib_a-nano-msizer.o)
 .ARM.attributes
                0x00000a10       0x34 d:/st/eclipse/plugins/fr.ac6.mcu.externaltools.arm-none.win32_1.13.2.201703061525/tools/compiler/bin/../lib/gcc/arm-none-eabi/5.4.1/../../../../arm-none-eabi/lib/armv7e-m/fpu\libc_nano.a(lib_a-reent.o)
 .ARM.attributes
                0x00000a44       0x22 d:/st/eclipse/plugins/fr.ac6.mcu.externaltools.arm-none.win32_1.13.2.201703061525/tools/compiler/bin/../lib/gcc/arm-none-eabi/5.4.1/armv7e-m/fpu/crtn.o
OUTPUT(Softstarter.elf elf32-littlearm)

.debug_info     0x00000000    0x14976
 .debug_info    0x00000000      0x8fa Drivers/STM32F4xx_HAL_Driver/Src/stm32f4xx_hal.o
 .debug_info    0x000008fa      0xd7d Drivers/STM32F4xx_HAL_Driver/Src/stm32f4xx_hal_adc.o
 .debug_info    0x00001677      0xb8e Drivers/STM32F4xx_HAL_Driver/Src/stm32f4xx_hal_adc_ex.o
 .debug_info    0x00002205      0xe7d Drivers/STM32F4xx_HAL_Driver/Src/stm32f4xx_hal_cortex.o
 .debug_info    0x00003082      0xa58 Drivers/STM32F4xx_HAL_Driver/Src/stm32f4xx_hal_dma.o
 .debug_info    0x00003ada      0x752 Drivers/STM32F4xx_HAL_Driver/Src/stm32f4xx_hal_gpio.o
 .debug_info    0x0000422c      0xa6e Drivers/STM32F4xx_HAL_Driver/Src/stm32f4xx_hal_rcc.o
 .debug_info    0x00004c9a     0x2e0b Drivers/STM32F4xx_HAL_Driver/Src/stm32f4xx_hal_tim.o
 .debug_info    0x00007aa5     0x129d Drivers/STM32F4xx_HAL_Driver/Src/stm32f4xx_hal_tim_ex.o
 .debug_info    0x00008d42     0x16ac Drivers/STM32F4xx_HAL_Driver/Src/stm32f4xx_hal_uart.o
 .debug_info    0x0000a3ee     0x1aff Middlewares/Third_Party/FreeRTOS/Source/CMSIS_RTOS/cmsis_os.o
 .debug_info    0x0000beed      0x2a5 Middlewares/Third_Party/FreeRTOS/Source/list.o
 .debug_info    0x0000c192     0x2117 Middlewares/Third_Party/FreeRTOS/Source/tasks.o
 .debug_info    0x0000e2a9      0x534 Middlewares/Third_Party/FreeRTOS/Source/portable/GCC/ARM_CM4F/port.o
 .debug_info    0x0000e7dd      0x445 Middlewares/Third_Party/FreeRTOS/Source/portable/MemMang/heap_4.o
 .debug_info    0x0000ec22     0x262a Src/main.o
 .debug_info    0x0001124c     0x13f1 Src/stm32f4xx_hal_msp.o
 .debug_info    0x0001263d      0xae6 Src/stm32f4xx_hal_timebase_TIM.o
 .debug_info    0x00013123      0xb4c Src/stm32f4xx_it.o
 .debug_info    0x00013c6f      0x76f Src/syscalls.o
 .debug_info    0x000143de      0x52a Src/system_stm32f4xx.o
 .debug_info    0x00014908       0x6e startup/startup_stm32f411xe.o

.debug_abbrev   0x00000000     0x2d3a
 .debug_abbrev  0x00000000      0x223 Drivers/STM32F4xx_HAL_Driver/Src/stm32f4xx_hal.o
 .debug_abbrev  0x00000223      0x1ef Drivers/STM32F4xx_HAL_Driver/Src/stm32f4xx_hal_adc.o
 .debug_abbrev  0x00000412      0x22b Drivers/STM32F4xx_HAL_Driver/Src/stm32f4xx_hal_adc_ex.o
 .debug_abbrev  0x0000063d      0x2fe Drivers/STM32F4xx_HAL_Driver/Src/stm32f4xx_hal_cortex.o
 .debug_abbrev  0x0000093b      0x256 Drivers/STM32F4xx_HAL_Driver/Src/stm32f4xx_hal_dma.o
 .debug_abbrev  0x00000b91      0x1cd Drivers/STM32F4xx_HAL_Driver/Src/stm32f4xx_hal_gpio.o
 .debug_abbrev  0x00000d5e      0x271 Drivers/STM32F4xx_HAL_Driver/Src/stm32f4xx_hal_rcc.o
 .debug_abbrev  0x00000fcf      0x22a Drivers/STM32F4xx_HAL_Driver/Src/stm32f4xx_hal_tim.o
 .debug_abbrev  0x000011f9      0x22a Drivers/STM32F4xx_HAL_Driver/Src/stm32f4xx_hal_tim_ex.o
 .debug_abbrev  0x00001423      0x27e Drivers/STM32F4xx_HAL_Driver/Src/stm32f4xx_hal_uart.o
 .debug_abbrev  0x000016a1      0x2fe Middlewares/Third_Party/FreeRTOS/Source/CMSIS_RTOS/cmsis_os.o
 .debug_abbrev  0x0000199f       0xdf Middlewares/Third_Party/FreeRTOS/Source/list.o
 .debug_abbrev  0x00001a7e      0x309 Middlewares/Third_Party/FreeRTOS/Source/tasks.o
 .debug_abbrev  0x00001d87      0x21c Middlewares/Third_Party/FreeRTOS/Source/portable/GCC/ARM_CM4F/port.o
 .debug_abbrev  0x00001fa3      0x20d Middlewares/Third_Party/FreeRTOS/Source/portable/MemMang/heap_4.o
 .debug_abbrev  0x000021b0      0x356 Src/main.o
 .debug_abbrev  0x00002506      0x203 Src/stm32f4xx_hal_msp.o
 .debug_abbrev  0x00002709      0x1e3 Src/stm32f4xx_hal_timebase_TIM.o
 .debug_abbrev  0x000028ec      0x197 Src/stm32f4xx_it.o
 .debug_abbrev  0x00002a83      0x1a1 Src/syscalls.o
 .debug_abbrev  0x00002c24      0x104 Src/system_stm32f4xx.o
 .debug_abbrev  0x00002d28       0x12 startup/startup_stm32f411xe.o

.debug_loc      0x00000000     0xaa81
 .debug_loc     0x00000000      0x108 Drivers/STM32F4xx_HAL_Driver/Src/stm32f4xx_hal.o
 .debug_loc     0x00000108      0x868 Drivers/STM32F4xx_HAL_Driver/Src/stm32f4xx_hal_adc.o
 .debug_loc     0x00000970      0x88c Drivers/STM32F4xx_HAL_Driver/Src/stm32f4xx_hal_adc_ex.o
 .debug_loc     0x000011fc      0x548 Drivers/STM32F4xx_HAL_Driver/Src/stm32f4xx_hal_cortex.o
 .debug_loc     0x00001744      0x9dc Drivers/STM32F4xx_HAL_Driver/Src/stm32f4xx_hal_dma.o
 .debug_loc     0x00002120      0x39a Drivers/STM32F4xx_HAL_Driver/Src/stm32f4xx_hal_gpio.o
 .debug_loc     0x000024ba      0x481 Drivers/STM32F4xx_HAL_Driver/Src/stm32f4xx_hal_rcc.o
 .debug_loc     0x0000293b     0x3284 Drivers/STM32F4xx_HAL_Driver/Src/stm32f4xx_hal_tim.o
 .debug_loc     0x00005bbf      0xd74 Drivers/STM32F4xx_HAL_Driver/Src/stm32f4xx_hal_tim_ex.o
 .debug_loc     0x00006933     0x137a Drivers/STM32F4xx_HAL_Driver/Src/stm32f4xx_hal_uart.o
 .debug_loc     0x00007cad      0xf68 Middlewares/Third_Party/FreeRTOS/Source/CMSIS_RTOS/cmsis_os.o
 .debug_loc     0x00008c15       0x65 Middlewares/Third_Party/FreeRTOS/Source/list.o
 .debug_loc     0x00008c7a     0x1222 Middlewares/Third_Party/FreeRTOS/Source/tasks.o
 .debug_loc     0x00009e9c       0xdc Middlewares/Third_Party/FreeRTOS/Source/portable/GCC/ARM_CM4F/port.o
 .debug_loc     0x00009f78      0x282 Middlewares/Third_Party/FreeRTOS/Source/portable/MemMang/heap_4.o
 .debug_loc     0x0000a1fa      0x1d8 Src/main.o
 .debug_loc     0x0000a3d2      0x171 Src/stm32f4xx_hal_msp.o
 .debug_loc     0x0000a543       0x6a Src/stm32f4xx_hal_timebase_TIM.o
 .debug_loc     0x0000a5ad      0x3a2 Src/syscalls.o
 .debug_loc     0x0000a94f      0x132 Src/system_stm32f4xx.o

.debug_aranges  0x00000000     0x1218
 .debug_aranges
                0x00000000       0xe0 Drivers/STM32F4xx_HAL_Driver/Src/stm32f4xx_hal.o
 .debug_aranges
                0x000000e0       0xe8 Drivers/STM32F4xx_HAL_Driver/Src/stm32f4xx_hal_adc.o
 .debug_aranges
                0x000001c8       0x90 Drivers/STM32F4xx_HAL_Driver/Src/stm32f4xx_hal_adc_ex.o
 .debug_aranges
                0x00000258       0xa8 Drivers/STM32F4xx_HAL_Driver/Src/stm32f4xx_hal_cortex.o
 .debug_aranges
                0x00000300       0x90 Drivers/STM32F4xx_HAL_Driver/Src/stm32f4xx_hal_dma.o
 .debug_aranges
                0x00000390       0x58 Drivers/STM32F4xx_HAL_Driver/Src/stm32f4xx_hal_gpio.o
 .debug_aranges
                0x000003e8       0x88 Drivers/STM32F4xx_HAL_Driver/Src/stm32f4xx_hal_rcc.o
 .debug_aranges
                0x00000470      0x368 Drivers/STM32F4xx_HAL_Driver/Src/stm32f4xx_hal_tim.o
 .debug_aranges
                0x000007d8      0x140 Drivers/STM32F4xx_HAL_Driver/Src/stm32f4xx_hal_tim_ex.o
 .debug_aranges
                0x00000918      0x1d0 Drivers/STM32F4xx_HAL_Driver/Src/stm32f4xx_hal_uart.o
 .debug_aranges
                0x00000ae8      0x1d8 Middlewares/Third_Party/FreeRTOS/Source/CMSIS_RTOS/cmsis_os.o
 .debug_aranges
                0x00000cc0       0x40 Middlewares/Third_Party/FreeRTOS/Source/list.o
 .debug_aranges
                0x00000d00      0x190 Middlewares/Third_Party/FreeRTOS/Source/tasks.o
 .debug_aranges
                0x00000e90       0x80 Middlewares/Third_Party/FreeRTOS/Source/portable/GCC/ARM_CM4F/port.o
 .debug_aranges
                0x00000f10       0x50 Middlewares/Third_Party/FreeRTOS/Source/portable/MemMang/heap_4.o
 .debug_aranges
                0x00000f60       0xb8 Src/main.o
 .debug_aranges
                0x00001018       0x58 Src/stm32f4xx_hal_msp.o
 .debug_aranges
                0x00001070       0x30 Src/stm32f4xx_hal_timebase_TIM.o
 .debug_aranges
                0x000010a0       0x78 Src/stm32f4xx_it.o
 .debug_aranges
                0x00001118       0xb0 Src/syscalls.o
 .debug_aranges
                0x000011c8       0x28 Src/system_stm32f4xx.o
 .debug_aranges
                0x000011f0       0x28 startup/startup_stm32f411xe.o

.debug_ranges   0x00000000     0x1110
 .debug_ranges  0x00000000       0xd0 Drivers/STM32F4xx_HAL_Driver/Src/stm32f4xx_hal.o
 .debug_ranges  0x000000d0       0xd8 Drivers/STM32F4xx_HAL_Driver/Src/stm32f4xx_hal_adc.o
 .debug_ranges  0x000001a8       0x80 Drivers/STM32F4xx_HAL_Driver/Src/stm32f4xx_hal_adc_ex.o
 .debug_ranges  0x00000228       0x98 Drivers/STM32F4xx_HAL_Driver/Src/stm32f4xx_hal_cortex.o
 .debug_ranges  0x000002c0       0x80 Drivers/STM32F4xx_HAL_Driver/Src/stm32f4xx_hal_dma.o
 .debug_ranges  0x00000340       0x48 Drivers/STM32F4xx_HAL_Driver/Src/stm32f4xx_hal_gpio.o
 .debug_ranges  0x00000388       0x90 Drivers/STM32F4xx_HAL_Driver/Src/stm32f4xx_hal_rcc.o
 .debug_ranges  0x00000418      0x358 Drivers/STM32F4xx_HAL_Driver/Src/stm32f4xx_hal_tim.o
 .debug_ranges  0x00000770      0x130 Drivers/STM32F4xx_HAL_Driver/Src/stm32f4xx_hal_tim_ex.o
 .debug_ranges  0x000008a0      0x1c0 Drivers/STM32F4xx_HAL_Driver/Src/stm32f4xx_hal_uart.o
 .debug_ranges  0x00000a60      0x1c8 Middlewares/Third_Party/FreeRTOS/Source/CMSIS_RTOS/cmsis_os.o
 .debug_ranges  0x00000c28       0x30 Middlewares/Third_Party/FreeRTOS/Source/list.o
 .debug_ranges  0x00000c58      0x1b8 Middlewares/Third_Party/FreeRTOS/Source/tasks.o
 .debug_ranges  0x00000e10       0x70 Middlewares/Third_Party/FreeRTOS/Source/portable/GCC/ARM_CM4F/port.o
 .debug_ranges  0x00000e80       0x40 Middlewares/Third_Party/FreeRTOS/Source/portable/MemMang/heap_4.o
 .debug_ranges  0x00000ec0       0xa8 Src/main.o
 .debug_ranges  0x00000f68       0x48 Src/stm32f4xx_hal_msp.o
 .debug_ranges  0x00000fb0       0x20 Src/stm32f4xx_hal_timebase_TIM.o
 .debug_ranges  0x00000fd0       0x68 Src/stm32f4xx_it.o
 .debug_ranges  0x00001038       0xa0 Src/syscalls.o
 .debug_ranges  0x000010d8       0x18 Src/system_stm32f4xx.o
 .debug_ranges  0x000010f0       0x20 startup/startup_stm32f411xe.o

.debug_macro    0x00000000    0x19757
 .debug_macro   0x00000000      0x387 Drivers/STM32F4xx_HAL_Driver/Src/stm32f4xx_hal.o
 .debug_macro   0x00000387      0x898 Drivers/STM32F4xx_HAL_Driver/Src/stm32f4xx_hal.o
 .debug_macro   0x00000c1f       0x34 Drivers/STM32F4xx_HAL_Driver/Src/stm32f4xx_hal.o
 .debug_macro   0x00000c53      0x186 Drivers/STM32F4xx_HAL_Driver/Src/stm32f4xx_hal.o
 .debug_macro   0x00000dd9       0x32 Drivers/STM32F4xx_HAL_Driver/Src/stm32f4xx_hal.o
 .debug_macro   0x00000e0b       0x28 Drivers/STM32F4xx_HAL_Driver/Src/stm32f4xx_hal.o
 .debug_macro   0x00000e33       0x22 Drivers/STM32F4xx_HAL_Driver/Src/stm32f4xx_hal.o
 .debug_macro   0x00000e55       0x87 Drivers/STM32F4xx_HAL_Driver/Src/stm32f4xx_hal.o
 .debug_macro   0x00000edc       0x44 Drivers/STM32F4xx_HAL_Driver/Src/stm32f4xx_hal.o
 .debug_macro   0x00000f20       0xfd Drivers/STM32F4xx_HAL_Driver/Src/stm32f4xx_hal.o
 .debug_macro   0x0000101d       0x5e Drivers/STM32F4xx_HAL_Driver/Src/stm32f4xx_hal.o
 .debug_macro   0x0000107b      0x1df Drivers/STM32F4xx_HAL_Driver/Src/stm32f4xx_hal.o
 .debug_macro   0x0000125a       0x35 Drivers/STM32F4xx_HAL_Driver/Src/stm32f4xx_hal.o
 .debug_macro   0x0000128f       0x50 Drivers/STM32F4xx_HAL_Driver/Src/stm32f4xx_hal.o
 .debug_macro   0x000012df      0xe66 Drivers/STM32F4xx_HAL_Driver/Src/stm32f4xx_hal.o
 .debug_macro   0x00002145     0xb803 Drivers/STM32F4xx_HAL_Driver/Src/stm32f4xx_hal.o
 .debug_macro   0x0000d948       0x43 Drivers/STM32F4xx_HAL_Driver/Src/stm32f4xx_hal.o
 .debug_macro   0x0000d98b     0x3535 Drivers/STM32F4xx_HAL_Driver/Src/stm32f4xx_hal.o
 .debug_macro   0x00010ec0       0x52 Drivers/STM32F4xx_HAL_Driver/Src/stm32f4xx_hal.o
 .debug_macro   0x00010f12       0x35 Drivers/STM32F4xx_HAL_Driver/Src/stm32f4xx_hal.o
 .debug_macro   0x00010f47       0x9c Drivers/STM32F4xx_HAL_Driver/Src/stm32f4xx_hal.o
 .debug_macro   0x00010fe3       0x16 Drivers/STM32F4xx_HAL_Driver/Src/stm32f4xx_hal.o
 .debug_macro   0x00010ff9       0x97 Drivers/STM32F4xx_HAL_Driver/Src/stm32f4xx_hal.o
 .debug_macro   0x00011090      0x30d Drivers/STM32F4xx_HAL_Driver/Src/stm32f4xx_hal.o
 .debug_macro   0x0001139d       0xfd Drivers/STM32F4xx_HAL_Driver/Src/stm32f4xx_hal.o
 .debug_macro   0x0001149a       0x10 Drivers/STM32F4xx_HAL_Driver/Src/stm32f4xx_hal.o
 .debug_macro   0x000114aa       0x52 Drivers/STM32F4xx_HAL_Driver/Src/stm32f4xx_hal.o
 .debug_macro   0x000114fc       0x1f Drivers/STM32F4xx_HAL_Driver/Src/stm32f4xx_hal.o
 .debug_macro   0x0001151b       0x43 Drivers/STM32F4xx_HAL_Driver/Src/stm32f4xx_hal.o
 .debug_macro   0x0001155e       0x20 Drivers/STM32F4xx_HAL_Driver/Src/stm32f4xx_hal.o
 .debug_macro   0x0001157e      0x187 Drivers/STM32F4xx_HAL_Driver/Src/stm32f4xx_hal.o
 .debug_macro   0x00011705       0x10 Drivers/STM32F4xx_HAL_Driver/Src/stm32f4xx_hal.o
 .debug_macro   0x00011715       0x1c Drivers/STM32F4xx_HAL_Driver/Src/stm32f4xx_hal.o
 .debug_macro   0x00011731       0x52 Drivers/STM32F4xx_HAL_Driver/Src/stm32f4xx_hal.o
 .debug_macro   0x00011783       0x40 Drivers/STM32F4xx_HAL_Driver/Src/stm32f4xx_hal.o
 .debug_macro   0x000117c3       0x10 Drivers/STM32F4xx_HAL_Driver/Src/stm32f4xx_hal.o
 .debug_macro   0x000117d3       0x40 Drivers/STM32F4xx_HAL_Driver/Src/stm32f4xx_hal.o
 .debug_macro   0x00011813       0xd7 Drivers/STM32F4xx_HAL_Driver/Src/stm32f4xx_hal.o
 .debug_macro   0x000118ea       0x16 Drivers/STM32F4xx_HAL_Driver/Src/stm32f4xx_hal.o
 .debug_macro   0x00011900      0x18b Drivers/STM32F4xx_HAL_Driver/Src/stm32f4xx_hal.o
 .debug_macro   0x00011a8b       0x50 Drivers/STM32F4xx_HAL_Driver/Src/stm32f4xx_hal.o
 .debug_macro   0x00011adb      0x447 Drivers/STM32F4xx_HAL_Driver/Src/stm32f4xx_hal.o
 .debug_macro   0x00011f22      0xa02 Drivers/STM32F4xx_HAL_Driver/Src/stm32f4xx_hal.o
 .debug_macro   0x00012924      0x11e Drivers/STM32F4xx_HAL_Driver/Src/stm32f4xx_hal.o
 .debug_macro   0x00012a42      0x11b Drivers/STM32F4xx_HAL_Driver/Src/stm32f4xx_hal.o
 .debug_macro   0x00012b5d       0x27 Drivers/STM32F4xx_HAL_Driver/Src/stm32f4xx_hal.o
 .debug_macro   0x00012b84      0x287 Drivers/STM32F4xx_HAL_Driver/Src/stm32f4xx_hal.o
 .debug_macro   0x00012e0b       0x5f Drivers/STM32F4xx_HAL_Driver/Src/stm32f4xx_hal.o
 .debug_macro   0x00012e6a      0x23a Drivers/STM32F4xx_HAL_Driver/Src/stm32f4xx_hal.o
 .debug_macro   0x000130a4      0x391 Drivers/STM32F4xx_HAL_Driver/Src/stm32f4xx_hal.o
 .debug_macro   0x00013435      0x17d Drivers/STM32F4xx_HAL_Driver/Src/stm32f4xx_hal.o
 .debug_macro   0x000135b2       0xf9 Drivers/STM32F4xx_HAL_Driver/Src/stm32f4xx_hal.o
 .debug_macro   0x000136ab      0x13a Drivers/STM32F4xx_HAL_Driver/Src/stm32f4xx_hal.o
 .debug_macro   0x000137e5      0x264 Drivers/STM32F4xx_HAL_Driver/Src/stm32f4xx_hal.o
 .debug_macro   0x00013a49       0x2e Drivers/STM32F4xx_HAL_Driver/Src/stm32f4xx_hal.o
 .debug_macro   0x00013a77      0x11e Drivers/STM32F4xx_HAL_Driver/Src/stm32f4xx_hal.o
 .debug_macro   0x00013b95       0x85 Drivers/STM32F4xx_HAL_Driver/Src/stm32f4xx_hal.o
 .debug_macro   0x00013c1a       0x89 Drivers/STM32F4xx_HAL_Driver/Src/stm32f4xx_hal.o
 .debug_macro   0x00013ca3      0x6e0 Drivers/STM32F4xx_HAL_Driver/Src/stm32f4xx_hal.o
 .debug_macro   0x00014383       0x59 Drivers/STM32F4xx_HAL_Driver/Src/stm32f4xx_hal.o
 .debug_macro   0x000143dc      0x14d Drivers/STM32F4xx_HAL_Driver/Src/stm32f4xx_hal.o
 .debug_macro   0x00014529      0x287 Drivers/STM32F4xx_HAL_Driver/Src/stm32f4xx_hal.o
 .debug_macro   0x000147b0      0x12d Drivers/STM32F4xx_HAL_Driver/Src/stm32f4xx_hal.o
 .debug_macro   0x000148dd      0x328 Drivers/STM32F4xx_HAL_Driver/Src/stm32f4xx_hal_adc.o
 .debug_macro   0x00014c05      0x327 Drivers/STM32F4xx_HAL_Driver/Src/stm32f4xx_hal_adc_ex.o
 .debug_macro   0x00014f2c      0x327 Drivers/STM32F4xx_HAL_Driver/Src/stm32f4xx_hal_cortex.o
 .debug_macro   0x00015253      0x32e Drivers/STM32F4xx_HAL_Driver/Src/stm32f4xx_hal_dma.o
 .debug_macro   0x00015581      0x35f Drivers/STM32F4xx_HAL_Driver/Src/stm32f4xx_hal_gpio.o
 .debug_macro   0x000158e0      0x34b Drivers/STM32F4xx_HAL_Driver/Src/stm32f4xx_hal_rcc.o
 .debug_macro   0x00015c2b      0x327 Drivers/STM32F4xx_HAL_Driver/Src/stm32f4xx_hal_tim.o
 .debug_macro   0x00015f52      0x327 Drivers/STM32F4xx_HAL_Driver/Src/stm32f4xx_hal_tim_ex.o
 .debug_macro   0x00016279      0x328 Drivers/STM32F4xx_HAL_Driver/Src/stm32f4xx_hal_uart.o
 .debug_macro   0x000165a1      0x1f3 Middlewares/Third_Party/FreeRTOS/Source/CMSIS_RTOS/cmsis_os.o
 .debug_macro   0x00016794       0x4c Middlewares/Third_Party/FreeRTOS/Source/CMSIS_RTOS/cmsis_os.o
 .debug_macro   0x000167e0       0x8d Middlewares/Third_Party/FreeRTOS/Source/CMSIS_RTOS/cmsis_os.o
 .debug_macro   0x0001686d      0x174 Middlewares/Third_Party/FreeRTOS/Source/CMSIS_RTOS/cmsis_os.o
 .debug_macro   0x000169e1       0x4a Middlewares/Third_Party/FreeRTOS/Source/CMSIS_RTOS/cmsis_os.o
 .debug_macro   0x00016a2b       0x10 Middlewares/Third_Party/FreeRTOS/Source/CMSIS_RTOS/cmsis_os.o
 .debug_macro   0x00016a3b       0x35 Middlewares/Third_Party/FreeRTOS/Source/CMSIS_RTOS/cmsis_os.o
 .debug_macro   0x00016a70       0xd2 Middlewares/Third_Party/FreeRTOS/Source/CMSIS_RTOS/cmsis_os.o
 .debug_macro   0x00016b42      0x168 Middlewares/Third_Party/FreeRTOS/Source/CMSIS_RTOS/cmsis_os.o
 .debug_macro   0x00016caa       0xe4 Middlewares/Third_Party/FreeRTOS/Source/CMSIS_RTOS/cmsis_os.o
 .debug_macro   0x00016d8e       0x10 Middlewares/Third_Party/FreeRTOS/Source/CMSIS_RTOS/cmsis_os.o
 .debug_macro   0x00016d9e       0x26 Middlewares/Third_Party/FreeRTOS/Source/CMSIS_RTOS/cmsis_os.o
 .debug_macro   0x00016dc4      0x40f Middlewares/Third_Party/FreeRTOS/Source/CMSIS_RTOS/cmsis_os.o
 .debug_macro   0x000171d3       0xc0 Middlewares/Third_Party/FreeRTOS/Source/CMSIS_RTOS/cmsis_os.o
 .debug_macro   0x00017293       0x8c Middlewares/Third_Party/FreeRTOS/Source/CMSIS_RTOS/cmsis_os.o
 .debug_macro   0x0001731f       0x91 Middlewares/Third_Party/FreeRTOS/Source/CMSIS_RTOS/cmsis_os.o
 .debug_macro   0x000173b0       0x94 Middlewares/Third_Party/FreeRTOS/Source/CMSIS_RTOS/cmsis_os.o
 .debug_macro   0x00017444       0x63 Middlewares/Third_Party/FreeRTOS/Source/CMSIS_RTOS/cmsis_os.o
 .debug_macro   0x000174a7       0x19 Middlewares/Third_Party/FreeRTOS/Source/CMSIS_RTOS/cmsis_os.o
 .debug_macro   0x000174c0       0xcf Middlewares/Third_Party/FreeRTOS/Source/CMSIS_RTOS/cmsis_os.o
 .debug_macro   0x0001758f       0x26 Middlewares/Third_Party/FreeRTOS/Source/CMSIS_RTOS/cmsis_os.o
 .debug_macro   0x000175b5      0x18b Middlewares/Third_Party/FreeRTOS/Source/list.o
 .debug_macro   0x00017740      0x26a Middlewares/Third_Party/FreeRTOS/Source/tasks.o
 .debug_macro   0x000179aa       0x11 Middlewares/Third_Party/FreeRTOS/Source/tasks.o
 .debug_macro   0x000179bb      0x1ad Middlewares/Third_Party/FreeRTOS/Source/portable/GCC/ARM_CM4F/port.o
 .debug_macro   0x00017b68      0x1b2 Middlewares/Third_Party/FreeRTOS/Source/portable/MemMang/heap_4.o
 .debug_macro   0x00017d1a      0x3df Src/main.o
 .debug_macro   0x000180f9       0xd8 Src/main.o
 .debug_macro   0x000181d1      0x327 Src/stm32f4xx_hal_msp.o
 .debug_macro   0x000184f8      0x327 Src/stm32f4xx_hal_timebase_TIM.o
 .debug_macro   0x0001881f      0x3e5 Src/stm32f4xx_it.o
 .debug_macro   0x00018c04      0x22b Src/syscalls.o
 .debug_macro   0x00018e2f       0x10 Src/syscalls.o
 .debug_macro   0x00018e3f       0x10 Src/syscalls.o
 .debug_macro   0x00018e4f       0x10 Src/syscalls.o
 .debug_macro   0x00018e5f       0x35 Src/syscalls.o
 .debug_macro   0x00018e94      0x122 Src/syscalls.o
 .debug_macro   0x00018fb6       0x10 Src/syscalls.o
 .debug_macro   0x00018fc6      0x241 Src/syscalls.o
 .debug_macro   0x00019207       0x1c Src/syscalls.o
 .debug_macro   0x00019223       0x10 Src/syscalls.o
 .debug_macro   0x00019233      0x159 Src/syscalls.o
 .debug_macro   0x0001938c       0x16 Src/syscalls.o
 .debug_macro   0x000193a2       0x88 Src/syscalls.o
 .debug_macro   0x0001942a      0x32d Src/system_stm32f4xx.o

.debug_line     0x00000000     0xd8a2
 .debug_line    0x00000000      0x969 Drivers/STM32F4xx_HAL_Driver/Src/stm32f4xx_hal.o
 .debug_line    0x00000969      0xbcd Drivers/STM32F4xx_HAL_Driver/Src/stm32f4xx_hal_adc.o
 .debug_line    0x00001536      0xab6 Drivers/STM32F4xx_HAL_Driver/Src/stm32f4xx_hal_adc_ex.o
 .debug_line    0x00001fec      0x995 Drivers/STM32F4xx_HAL_Driver/Src/stm32f4xx_hal_cortex.o
 .debug_line    0x00002981      0xa98 Drivers/STM32F4xx_HAL_Driver/Src/stm32f4xx_hal_dma.o
 .debug_line    0x00003419      0x8ef Drivers/STM32F4xx_HAL_Driver/Src/stm32f4xx_hal_gpio.o
 .debug_line    0x00003d08      0xa15 Drivers/STM32F4xx_HAL_Driver/Src/stm32f4xx_hal_rcc.o
 .debug_line    0x0000471d     0x164b Drivers/STM32F4xx_HAL_Driver/Src/stm32f4xx_hal_tim.o
 .debug_line    0x00005d68      0xd2f Drivers/STM32F4xx_HAL_Driver/Src/stm32f4xx_hal_tim_ex.o
 .debug_line    0x00006a97     0x1032 Drivers/STM32F4xx_HAL_Driver/Src/stm32f4xx_hal_uart.o
 .debug_line    0x00007ac9      0xb51 Middlewares/Third_Party/FreeRTOS/Source/CMSIS_RTOS/cmsis_os.o
 .debug_line    0x0000861a      0x52f Middlewares/Third_Party/FreeRTOS/Source/list.o
 .debug_line    0x00008b49      0xd8e Middlewares/Third_Party/FreeRTOS/Source/tasks.o
 .debug_line    0x000098d7      0x5c1 Middlewares/Third_Party/FreeRTOS/Source/portable/GCC/ARM_CM4F/port.o
 .debug_line    0x00009e98      0x5ea Middlewares/Third_Party/FreeRTOS/Source/portable/MemMang/heap_4.o
 .debug_line    0x0000a482      0xc16 Src/main.o
 .debug_line    0x0000b098      0x865 Src/stm32f4xx_hal_msp.o
 .debug_line    0x0000b8fd      0x7c1 Src/stm32f4xx_hal_timebase_TIM.o
 .debug_line    0x0000c0be      0xa27 Src/stm32f4xx_it.o
 .debug_line    0x0000cae5      0x58d Src/syscalls.o
 .debug_line    0x0000d072      0x7b1 Src/system_stm32f4xx.o
 .debug_line    0x0000d823       0x7f startup/startup_stm32f411xe.o

.debug_str      0x00000000    0x93e71
 .debug_str     0x00000000    0x88000 Drivers/STM32F4xx_HAL_Driver/Src/stm32f4xx_hal.o
                              0x8838e (size before relaxing)
 .debug_str     0x00088000      0x671 Drivers/STM32F4xx_HAL_Driver/Src/stm32f4xx_hal_adc.o
                              0x87f51 (size before relaxing)
 .debug_str     0x00088671      0x2df Drivers/STM32F4xx_HAL_Driver/Src/stm32f4xx_hal_adc_ex.o
                              0x87fb4 (size before relaxing)
 .debug_str     0x00088950      0x39e Drivers/STM32F4xx_HAL_Driver/Src/stm32f4xx_hal_cortex.o
                              0x880c0 (size before relaxing)
 .debug_str     0x00088cee      0x304 Drivers/STM32F4xx_HAL_Driver/Src/stm32f4xx_hal_dma.o
                              0x87d9d (size before relaxing)
 .debug_str     0x00088ff2      0x287 Drivers/STM32F4xx_HAL_Driver/Src/stm32f4xx_hal_gpio.o
                              0x87bbd (size before relaxing)
 .debug_str     0x00089279      0x3a0 Drivers/STM32F4xx_HAL_Driver/Src/stm32f4xx_hal_rcc.o
                              0x87db3 (size before relaxing)
 .debug_str     0x00089619      0xe6b Drivers/STM32F4xx_HAL_Driver/Src/stm32f4xx_hal_tim.o
                              0x889a1 (size before relaxing)
 .debug_str     0x0008a484      0x4f4 Drivers/STM32F4xx_HAL_Driver/Src/stm32f4xx_hal_tim_ex.o
                              0x88261 (size before relaxing)
 .debug_str     0x0008a978      0x6d6 Drivers/STM32F4xx_HAL_Driver/Src/stm32f4xx_hal_uart.o
                              0x881f0 (size before relaxing)